#
# There is insufficient memory for the Java Runtime Environment to continue.
# Native memory allocation (malloc) failed to allocate 1092064 bytes. Error detail: Chunk::new
# Possible reasons:
#   The system is out of physical RAM or swap space
#   This process is running with CompressedOops enabled, and the Java Heap may be blocking the growth of the native heap
# Possible solutions:
#   Reduce memory load on the system
#   Increase physical memory or swap space
#   Check if swap backing store is full
#   Decrease Java heap size (-Xmx/-Xms)
#   Decrease number of Java threads
#   Decrease Java thread stack sizes (-Xss)
#   Set larger code cache with -XX:ReservedCodeCacheSize=
#   JVM is running with Zero Based Compressed Oops mode in which the Java heap is
#     placed in the first 32GB address space. The Java Heap base address is the
#     maximum limit for the native heap growth. Please use -XX:HeapBaseMinAddress
#     to set the Java Heap base and to place the Java Heap above 32GB virtual address.
# This output file may be truncated or incomplete.
#
#  Out of Memory Error (arena.cpp:186), pid=18140, tid=25644
#
# JRE version: OpenJDK Runtime Environment JBR-25.0.3+1-329.124-jcef (25.0.3+1) (build 25.0.3+1-b329.124)
# Java VM: OpenJDK 64-Bit Server VM JBR-25.0.3+1-329.124-jcef (25.0.3+1-b329.124, mixed mode, sharing, tiered, compressed oops, compressed class ptrs, g1 gc, windows-amd64)
# No core dump will be written. Minidumps are not enabled by default on client versions of Windows
#

---------------  S U M M A R Y ------------

Command Line: git4idea.http.GitAskPassApp Username for 'https://github.com': 

Host: Intel(R) Core(TM) i5-8250U CPU @ 1.60GHz, 8 cores, 15G,  Windows 11 , 64 bit Build 26100 (10.0.26100.7920)
Time: Wed Jul 29 16:27:09 2026 Pakistan Standard Time elapsed time: 0.991964 seconds (0d 0h 0m 0s)

---------------  T H R E A D  ---------------

Current thread (0x000001c4e76ef6c0):  JavaThread "C2 CompilerThread1" daemon [_thread_in_native, id=25644, stack(0x0000007979b00000,0x0000007979c00000) (1024K)]


Current CompileTask:
C2:992 1017       4       sun.security.ec.ECOperations::setDouble (463 bytes)

Stack: [0x0000007979b00000,0x0000007979c00000]
Native frames: (J=compiled Java code, j=interpreted, Vv=VM code, C=native code)
V  [jvm.dll+0x7c2709]  (no source info available)
V  [jvm.dll+0x78bdfd]  (no source info available)
V  [jvm.dll+0xa10353]  (no source info available)
V  [jvm.dll+0xa12b4c]  (no source info available)
V  [jvm.dll+0xa13243]  (no source info available)
V  [jvm.dll+0x308006]  (no source info available)
V  [jvm.dll+0x1149e6]  (no source info available)
V  [jvm.dll+0x114d16]  (no source info available)
V  [jvm.dll+0x4610a7]  (no source info available)
V  [jvm.dll+0x25d84a]  (no source info available)
V  [jvm.dll+0x2c9f8c]  (no source info available)
V  [jvm.dll+0x2c908b]  (no source info available)
V  [jvm.dll+0x2408d0]  (no source info available)
V  [jvm.dll+0x2d9114]  (no source info available)
V  [jvm.dll+0x2d733b]  (no source info available)
V  [jvm.dll+0x49e725]  (no source info available)
V  [jvm.dll+0x9b023d]  (no source info available)
V  [jvm.dll+0x7c0c25]  (no source info available)
C  [ucrtbase.dll+0x37b0]  (no source info available)
C  [KERNEL32.DLL+0x2e8d7]  (no source info available)
C  [ntdll.dll+0x8c48c]  (no source info available)

Lock stack of current Java thread (top to bottom):


---------------  P R O C E S S  ---------------

Threads class SMR info:
_java_thread_list=0x000001c4ec796f50, length=16, elements={
0x000001c4ca374980, 0x000001c4e76d0ee0, 0x000001c4e76d2a60, 0x000001c4e76d38c0,
0x000001c4e76d6ee0, 0x000001c4e76d9ab0, 0x000001c4e76da670, 0x000001c4e76db230,
0x000001c4e76e9160, 0x000001c4e76eeeb0, 0x000001c4e79d7130, 0x000001c4e76ef6c0,
0x000001c4ec445ea0, 0x000001c4ec7c95d0, 0x000001c4e76e2000, 0x000001c4e76f2f30
}

Java Threads: ( => current thread )
  0x000001c4ca374980 JavaThread "main"                              [_thread_blocked, id=16672, stack(0x0000007978900000,0x0000007978a00000) (1024K)]
  0x000001c4e76d0ee0 JavaThread "Common-Cleaner"             daemon [_thread_blocked, id=8084, stack(0x0000007979100000,0x0000007979200000) (1024K)]
  0x000001c4e76d2a60 JavaThread "Reference Handler"          daemon [_thread_blocked, id=31652, stack(0x0000007979200000,0x0000007979300000) (1024K)]
  0x000001c4e76d38c0 JavaThread "Finalizer"                  daemon [_thread_blocked, id=27872, stack(0x0000007979300000,0x0000007979400000) (1024K)]
  0x000001c4e76d6ee0 JavaThread "Signal Dispatcher"          daemon [_thread_blocked, id=20224, stack(0x0000007979400000,0x0000007979500000) (1024K)]
  0x000001c4e76d9ab0 JavaThread "Attach Listener"            daemon [_thread_blocked, id=30296, stack(0x0000007979500000,0x0000007979600000) (1024K)]
  0x000001c4e76da670 JavaThread "Service Thread"             daemon [_thread_blocked, id=11664, stack(0x0000007979600000,0x0000007979700000) (1024K)]
  0x000001c4e76db230 JavaThread "Monitor Deflation Thread"   daemon [_thread_blocked, id=17004, stack(0x0000007979700000,0x0000007979800000) (1024K)]
  0x000001c4e76e9160 JavaThread "C2 CompilerThread0"         daemon [_thread_blocked, id=7204, stack(0x0000007979800000,0x0000007979900000) (1024K)]
  0x000001c4e76eeeb0 JavaThread "C1 CompilerThread0"         daemon [_thread_blocked, id=12716, stack(0x0000007979900000,0x0000007979a00000) (1024K)]
  0x000001c4e79d7130 JavaThread "Notification Thread"        daemon [_thread_blocked, id=19620, stack(0x0000007979a00000,0x0000007979b00000) (1024K)]
=>0x000001c4e76ef6c0 JavaThread "C2 CompilerThread1"         daemon [_thread_in_native, id=25644, stack(0x0000007979b00000,0x0000007979c00000) (1024K)]
  0x000001c4ec445ea0 JavaThread "HttpClient-1-SelectorManager" daemon [_thread_in_native, id=21116, stack(0x0000007979c00000,0x0000007979d00000) (1024K)]
  0x000001c4ec7c95d0 JavaThread "HttpClient-1-Worker-0"      daemon [_thread_blocked, id=16984, stack(0x0000007979e00000,0x0000007979f00000) (1024K)]
  0x000001c4e76e2000 JavaThread "HttpClient-1-Worker-1"      daemon [_thread_blocked, id=19132, stack(0x0000007979f00000,0x000000797a000000) (1024K)]
  0x000001c4e76f2f30 JavaThread "C2 CompilerThread2"         daemon [_thread_blocked, id=6884, stack(0x000000797a000000,0x000000797a100000) (1024K)]
Total: 16

Other Threads:
  0x000001c4e76c3b50 VMThread "VM Thread"                           [id=17616, stack(0x0000007979000000,0x0000007979100000) (1024K)]
  0x000001c4e76af620 WatcherThread "VM Periodic Task Thread"        [id=18696, stack(0x0000007978f00000,0x0000007979000000) (1024K)]
  0x000001c4cc760f50 WorkerThread "GC Thread#0"                     [id=30612, stack(0x0000007978a00000,0x0000007978b00000) (1024K)]
  0x000001c4cc779da0 ConcurrentGCThread "G1 Main Marker"            [id=27532, stack(0x0000007978b00000,0x0000007978c00000) (1024K)]
  0x000001c4cc77cf40 WorkerThread "G1 Conc#0"                       [id=22032, stack(0x0000007978c00000,0x0000007978d00000) (1024K)]
  0x000001c4cc7ae7d0 ConcurrentGCThread "G1 Refine#0"               [id=21640, stack(0x0000007978d00000,0x0000007978e00000) (1024K)]
  0x000001c4e756e300 ConcurrentGCThread "G1 Service"                [id=7532, stack(0x0000007978e00000,0x0000007978f00000) (1024K)]
Total: 7

Threads with active compile tasks:
C2 CompilerThread1  1097 1017       4       sun.security.ec.ECOperations::setDouble (463 bytes)
Total: 1

VM state: not at safepoint (normal execution)

VM Mutex/Monitor currently owned by a thread: None

Heap address: 0x0000000701a00000, size: 4070 MB, Compressed Oops mode: Zero based, Oop shift amount: 3

CDS archive(s) mapped at: [0x0000000017000000-0x0000000018cd0000-0x0000000018cd0000), size 30212096, SharedBaseAddress: 0x0000000017000000, ArchiveRelocationMode: 1.
Compressed class space mapped at: 0x0000000019000000-0x0000000059000000, reserved size: 1073741824
UseCompressedClassPointers 1, UseCompactObjectHeaders 0
Narrow klass pointer bits 32, Max shift 3
Narrow klass base: 0x0000000017000000, Narrow klass shift: 0
Encoding Range: [0x0000000017000000 - 0x0000000117000000), (4294967296 bytes)
Klass Range:    [0x0000000017010000 - 0x0000000059000000), (1107230720 bytes)
Klass ID Range:  [65536 - 1107296249) (1107230713)
Protection zone: [0x0000000017000000 - 0x0000000017010000), (65536 bytes)

GC Precious Log:
 CardTable entry size: 512
 Card Set container configuration: InlinePtr #cards 4 size 8 Array Of Cards #cards 16 size 48 Howl #buckets 8 coarsen threshold 3686 Howl Bitmap #cards 512 size 80 coarsen threshold 460 Card regions per heap region 1 cards per card region 4096
 CPUs: 8 total, 8 available
 Memory: 16274M
 Large Page Support: Disabled
 NUMA Support: Disabled
 Compressed Oops: Enabled (Zero based)
 Heap Region Size: 2M
 Heap Min Capacity: 8M
 Heap Initial Capacity: 256M
 Heap Max Capacity: 4070M
 Pre-touch: Disabled
 Parallel Workers: 8
 Concurrent Workers: 2
 Concurrent Refinement Workers: 8
 Periodic GC: Disabled

Heap:
 garbage-first heap   total reserved 4167680K, committed 266240K, used 16645K [0x0000000701a00000, 0x0000000800000000)
  region size 2048K, 8 young (16384K), 0 survivors (0K)

Heap Regions: E=young(eden), S=young(survivor), O=old, HS=humongous(starts), HC=humongous(continues), CS=collection set, F=free, TAMS=top-at-mark-start, PB=parsable bottom
|   0|0x0000000701a00000, 0x0000000701a00000, 0x0000000701c00000|  0%| F|  |TAMS 0x0000000701a00000| PB 0x0000000701a00000| Untracked |  0
|   1|0x0000000701c00000, 0x0000000701c00000, 0x0000000701e00000|  0%| F|  |TAMS 0x0000000701c00000| PB 0x0000000701c00000| Untracked |  0
|   2|0x0000000701e00000, 0x0000000701e00000, 0x0000000702000000|  0%| F|  |TAMS 0x0000000701e00000| PB 0x0000000701e00000| Untracked |  0
|   3|0x0000000702000000, 0x0000000702000000, 0x0000000702200000|  0%| F|  |TAMS 0x0000000702000000| PB 0x0000000702000000| Untracked |  0
|   4|0x0000000702200000, 0x0000000702200000, 0x0000000702400000|  0%| F|  |TAMS 0x0000000702200000| PB 0x0000000702200000| Untracked |  0
|   5|0x0000000702400000, 0x0000000702400000, 0x0000000702600000|  0%| F|  |TAMS 0x0000000702400000| PB 0x0000000702400000| Untracked |  0
|   6|0x0000000702600000, 0x0000000702600000, 0x0000000702800000|  0%| F|  |TAMS 0x0000000702600000| PB 0x0000000702600000| Untracked |  0
|   7|0x0000000702800000, 0x0000000702800000, 0x0000000702a00000|  0%| F|  |TAMS 0x0000000702800000| PB 0x0000000702800000| Untracked |  0
|   8|0x0000000702a00000, 0x0000000702a00000, 0x0000000702c00000|  0%| F|  |TAMS 0x0000000702a00000| PB 0x0000000702a00000| Untracked |  0
|   9|0x0000000702c00000, 0x0000000702c00000, 0x0000000702e00000|  0%| F|  |TAMS 0x0000000702c00000| PB 0x0000000702c00000| Untracked |  0
|  10|0x0000000702e00000, 0x0000000702e00000, 0x0000000703000000|  0%| F|  |TAMS 0x0000000702e00000| PB 0x0000000702e00000| Untracked |  0
|  11|0x0000000703000000, 0x0000000703000000, 0x0000000703200000|  0%| F|  |TAMS 0x0000000703000000| PB 0x0000000703000000| Untracked |  0
|  12|0x0000000703200000, 0x0000000703200000, 0x0000000703400000|  0%| F|  |TAMS 0x0000000703200000| PB 0x0000000703200000| Untracked |  0
|  13|0x0000000703400000, 0x0000000703400000, 0x0000000703600000|  0%| F|  |TAMS 0x0000000703400000| PB 0x0000000703400000| Untracked |  0
|  14|0x0000000703600000, 0x0000000703600000, 0x0000000703800000|  0%| F|  |TAMS 0x0000000703600000| PB 0x0000000703600000| Untracked |  0
|  15|0x0000000703800000, 0x0000000703800000, 0x0000000703a00000|  0%| F|  |TAMS 0x0000000703800000| PB 0x0000000703800000| Untracked |  0
|  16|0x0000000703a00000, 0x0000000703a00000, 0x0000000703c00000|  0%| F|  |TAMS 0x0000000703a00000| PB 0x0000000703a00000| Untracked |  0
|  17|0x0000000703c00000, 0x0000000703c00000, 0x0000000703e00000|  0%| F|  |TAMS 0x0000000703c00000| PB 0x0000000703c00000| Untracked |  0
|  18|0x0000000703e00000, 0x0000000703e00000, 0x0000000704000000|  0%| F|  |TAMS 0x0000000703e00000| PB 0x0000000703e00000| Untracked |  0
|  19|0x0000000704000000, 0x0000000704000000, 0x0000000704200000|  0%| F|  |TAMS 0x0000000704000000| PB 0x0000000704000000| Untracked |  0
|  20|0x0000000704200000, 0x0000000704200000, 0x0000000704400000|  0%| F|  |TAMS 0x0000000704200000| PB 0x0000000704200000| Untracked |  0
|  21|0x0000000704400000, 0x0000000704400000, 0x0000000704600000|  0%| F|  |TAMS 0x0000000704400000| PB 0x0000000704400000| Untracked |  0
|  22|0x0000000704600000, 0x0000000704600000, 0x0000000704800000|  0%| F|  |TAMS 0x0000000704600000| PB 0x0000000704600000| Untracked |  0
|  23|0x0000000704800000, 0x0000000704800000, 0x0000000704a00000|  0%| F|  |TAMS 0x0000000704800000| PB 0x0000000704800000| Untracked |  0
|  24|0x0000000704a00000, 0x0000000704a00000, 0x0000000704c00000|  0%| F|  |TAMS 0x0000000704a00000| PB 0x0000000704a00000| Untracked |  0
|  25|0x0000000704c00000, 0x0000000704c00000, 0x0000000704e00000|  0%| F|  |TAMS 0x0000000704c00000| PB 0x0000000704c00000| Untracked |  0
|  26|0x0000000704e00000, 0x0000000704e00000, 0x0000000705000000|  0%| F|  |TAMS 0x0000000704e00000| PB 0x0000000704e00000| Untracked |  0
|  27|0x0000000705000000, 0x0000000705000000, 0x0000000705200000|  0%| F|  |TAMS 0x0000000705000000| PB 0x0000000705000000| Untracked |  0
|  28|0x0000000705200000, 0x0000000705200000, 0x0000000705400000|  0%| F|  |TAMS 0x0000000705200000| PB 0x0000000705200000| Untracked |  0
|  29|0x0000000705400000, 0x0000000705400000, 0x0000000705600000|  0%| F|  |TAMS 0x0000000705400000| PB 0x0000000705400000| Untracked |  0
|  30|0x0000000705600000, 0x0000000705600000, 0x0000000705800000|  0%| F|  |TAMS 0x0000000705600000| PB 0x0000000705600000| Untracked |  0
|  31|0x0000000705800000, 0x0000000705800000, 0x0000000705a00000|  0%| F|  |TAMS 0x0000000705800000| PB 0x0000000705800000| Untracked |  0
|  32|0x0000000705a00000, 0x0000000705a00000, 0x0000000705c00000|  0%| F|  |TAMS 0x0000000705a00000| PB 0x0000000705a00000| Untracked |  0
|  33|0x0000000705c00000, 0x0000000705c00000, 0x0000000705e00000|  0%| F|  |TAMS 0x0000000705c00000| PB 0x0000000705c00000| Untracked |  0
|  34|0x0000000705e00000, 0x0000000705e00000, 0x0000000706000000|  0%| F|  |TAMS 0x0000000705e00000| PB 0x0000000705e00000| Untracked |  0
|  35|0x0000000706000000, 0x0000000706000000, 0x0000000706200000|  0%| F|  |TAMS 0x0000000706000000| PB 0x0000000706000000| Untracked |  0
|  36|0x0000000706200000, 0x0000000706200000, 0x0000000706400000|  0%| F|  |TAMS 0x0000000706200000| PB 0x0000000706200000| Untracked |  0
|  37|0x0000000706400000, 0x0000000706400000, 0x0000000706600000|  0%| F|  |TAMS 0x0000000706400000| PB 0x0000000706400000| Untracked |  0
|  38|0x0000000706600000, 0x0000000706600000, 0x0000000706800000|  0%| F|  |TAMS 0x0000000706600000| PB 0x0000000706600000| Untracked |  0
|  39|0x0000000706800000, 0x0000000706800000, 0x0000000706a00000|  0%| F|  |TAMS 0x0000000706800000| PB 0x0000000706800000| Untracked |  0
|  40|0x0000000706a00000, 0x0000000706a00000, 0x0000000706c00000|  0%| F|  |TAMS 0x0000000706a00000| PB 0x0000000706a00000| Untracked |  0
|  41|0x0000000706c00000, 0x0000000706c00000, 0x0000000706e00000|  0%| F|  |TAMS 0x0000000706c00000| PB 0x0000000706c00000| Untracked |  0
|  42|0x0000000706e00000, 0x0000000706e00000, 0x0000000707000000|  0%| F|  |TAMS 0x0000000706e00000| PB 0x0000000706e00000| Untracked |  0
|  43|0x0000000707000000, 0x0000000707000000, 0x0000000707200000|  0%| F|  |TAMS 0x0000000707000000| PB 0x0000000707000000| Untracked |  0
|  44|0x0000000707200000, 0x0000000707200000, 0x0000000707400000|  0%| F|  |TAMS 0x0000000707200000| PB 0x0000000707200000| Untracked |  0
|  45|0x0000000707400000, 0x0000000707400000, 0x0000000707600000|  0%| F|  |TAMS 0x0000000707400000| PB 0x0000000707400000| Untracked |  0
|  46|0x0000000707600000, 0x0000000707600000, 0x0000000707800000|  0%| F|  |TAMS 0x0000000707600000| PB 0x0000000707600000| Untracked |  0
|  47|0x0000000707800000, 0x0000000707800000, 0x0000000707a00000|  0%| F|  |TAMS 0x0000000707800000| PB 0x0000000707800000| Untracked |  0
|  48|0x0000000707a00000, 0x0000000707a00000, 0x0000000707c00000|  0%| F|  |TAMS 0x0000000707a00000| PB 0x0000000707a00000| Untracked |  0
|  49|0x0000000707c00000, 0x0000000707c00000, 0x0000000707e00000|  0%| F|  |TAMS 0x0000000707c00000| PB 0x0000000707c00000| Untracked |  0
|  50|0x0000000707e00000, 0x0000000707e00000, 0x0000000708000000|  0%| F|  |TAMS 0x0000000707e00000| PB 0x0000000707e00000| Untracked |  0
|  51|0x0000000708000000, 0x0000000708000000, 0x0000000708200000|  0%| F|  |TAMS 0x0000000708000000| PB 0x0000000708000000| Untracked |  0
|  52|0x0000000708200000, 0x0000000708200000, 0x0000000708400000|  0%| F|  |TAMS 0x0000000708200000| PB 0x0000000708200000| Untracked |  0
|  53|0x0000000708400000, 0x0000000708400000, 0x0000000708600000|  0%| F|  |TAMS 0x0000000708400000| PB 0x0000000708400000| Untracked |  0
|  54|0x0000000708600000, 0x0000000708600000, 0x0000000708800000|  0%| F|  |TAMS 0x0000000708600000| PB 0x0000000708600000| Untracked |  0
|  55|0x0000000708800000, 0x0000000708800000, 0x0000000708a00000|  0%| F|  |TAMS 0x0000000708800000| PB 0x0000000708800000| Untracked |  0
|  56|0x0000000708a00000, 0x0000000708a00000, 0x0000000708c00000|  0%| F|  |TAMS 0x0000000708a00000| PB 0x0000000708a00000| Untracked |  0
|  57|0x0000000708c00000, 0x0000000708c00000, 0x0000000708e00000|  0%| F|  |TAMS 0x0000000708c00000| PB 0x0000000708c00000| Untracked |  0
|  58|0x0000000708e00000, 0x0000000708e00000, 0x0000000709000000|  0%| F|  |TAMS 0x0000000708e00000| PB 0x0000000708e00000| Untracked |  0
|  59|0x0000000709000000, 0x0000000709000000, 0x0000000709200000|  0%| F|  |TAMS 0x0000000709000000| PB 0x0000000709000000| Untracked |  0
|  60|0x0000000709200000, 0x0000000709200000, 0x0000000709400000|  0%| F|  |TAMS 0x0000000709200000| PB 0x0000000709200000| Untracked |  0
|  61|0x0000000709400000, 0x0000000709400000, 0x0000000709600000|  0%| F|  |TAMS 0x0000000709400000| PB 0x0000000709400000| Untracked |  0
|  62|0x0000000709600000, 0x0000000709600000, 0x0000000709800000|  0%| F|  |TAMS 0x0000000709600000| PB 0x0000000709600000| Untracked |  0
|  63|0x0000000709800000, 0x0000000709800000, 0x0000000709a00000|  0%| F|  |TAMS 0x0000000709800000| PB 0x0000000709800000| Untracked |  0
|  64|0x0000000709a00000, 0x0000000709a00000, 0x0000000709c00000|  0%| F|  |TAMS 0x0000000709a00000| PB 0x0000000709a00000| Untracked |  0
|  65|0x0000000709c00000, 0x0000000709c00000, 0x0000000709e00000|  0%| F|  |TAMS 0x0000000709c00000| PB 0x0000000709c00000| Untracked |  0
|  66|0x0000000709e00000, 0x0000000709e00000, 0x000000070a000000|  0%| F|  |TAMS 0x0000000709e00000| PB 0x0000000709e00000| Untracked |  0
|  67|0x000000070a000000, 0x000000070a000000, 0x000000070a200000|  0%| F|  |TAMS 0x000000070a000000| PB 0x000000070a000000| Untracked |  0
|  68|0x000000070a200000, 0x000000070a200000, 0x000000070a400000|  0%| F|  |TAMS 0x000000070a200000| PB 0x000000070a200000| Untracked |  0
|  69|0x000000070a400000, 0x000000070a400000, 0x000000070a600000|  0%| F|  |TAMS 0x000000070a400000| PB 0x000000070a400000| Untracked |  0
|  70|0x000000070a600000, 0x000000070a600000, 0x000000070a800000|  0%| F|  |TAMS 0x000000070a600000| PB 0x000000070a600000| Untracked |  0
|  71|0x000000070a800000, 0x000000070a800000, 0x000000070aa00000|  0%| F|  |TAMS 0x000000070a800000| PB 0x000000070a800000| Untracked |  0
|  72|0x000000070aa00000, 0x000000070aa00000, 0x000000070ac00000|  0%| F|  |TAMS 0x000000070aa00000| PB 0x000000070aa00000| Untracked |  0
|  73|0x000000070ac00000, 0x000000070ac00000, 0x000000070ae00000|  0%| F|  |TAMS 0x000000070ac00000| PB 0x000000070ac00000| Untracked |  0
|  74|0x000000070ae00000, 0x000000070ae00000, 0x000000070b000000|  0%| F|  |TAMS 0x000000070ae00000| PB 0x000000070ae00000| Untracked |  0
|  75|0x000000070b000000, 0x000000070b000000, 0x000000070b200000|  0%| F|  |TAMS 0x000000070b000000| PB 0x000000070b000000| Untracked |  0
|  76|0x000000070b200000, 0x000000070b200000, 0x000000070b400000|  0%| F|  |TAMS 0x000000070b200000| PB 0x000000070b200000| Untracked |  0
|  77|0x000000070b400000, 0x000000070b400000, 0x000000070b600000|  0%| F|  |TAMS 0x000000070b400000| PB 0x000000070b400000| Untracked |  0
|  78|0x000000070b600000, 0x000000070b600000, 0x000000070b800000|  0%| F|  |TAMS 0x000000070b600000| PB 0x000000070b600000| Untracked |  0
|  79|0x000000070b800000, 0x000000070b800000, 0x000000070ba00000|  0%| F|  |TAMS 0x000000070b800000| PB 0x000000070b800000| Untracked |  0
|  80|0x000000070ba00000, 0x000000070ba00000, 0x000000070bc00000|  0%| F|  |TAMS 0x000000070ba00000| PB 0x000000070ba00000| Untracked |  0
|  81|0x000000070bc00000, 0x000000070bc00000, 0x000000070be00000|  0%| F|  |TAMS 0x000000070bc00000| PB 0x000000070bc00000| Untracked |  0
|  82|0x000000070be00000, 0x000000070be00000, 0x000000070c000000|  0%| F|  |TAMS 0x000000070be00000| PB 0x000000070be00000| Untracked |  0
|  83|0x000000070c000000, 0x000000070c000000, 0x000000070c200000|  0%| F|  |TAMS 0x000000070c000000| PB 0x000000070c000000| Untracked |  0
|  84|0x000000070c200000, 0x000000070c200000, 0x000000070c400000|  0%| F|  |TAMS 0x000000070c200000| PB 0x000000070c200000| Untracked |  0
|  85|0x000000070c400000, 0x000000070c400000, 0x000000070c600000|  0%| F|  |TAMS 0x000000070c400000| PB 0x000000070c400000| Untracked |  0
|  86|0x000000070c600000, 0x000000070c600000, 0x000000070c800000|  0%| F|  |TAMS 0x000000070c600000| PB 0x000000070c600000| Untracked |  0
|  87|0x000000070c800000, 0x000000070c800000, 0x000000070ca00000|  0%| F|  |TAMS 0x000000070c800000| PB 0x000000070c800000| Untracked |  0
|  88|0x000000070ca00000, 0x000000070ca00000, 0x000000070cc00000|  0%| F|  |TAMS 0x000000070ca00000| PB 0x000000070ca00000| Untracked |  0
|  89|0x000000070cc00000, 0x000000070cc00000, 0x000000070ce00000|  0%| F|  |TAMS 0x000000070cc00000| PB 0x000000070cc00000| Untracked |  0
|  90|0x000000070ce00000, 0x000000070ce00000, 0x000000070d000000|  0%| F|  |TAMS 0x000000070ce00000| PB 0x000000070ce00000| Untracked |  0
|  91|0x000000070d000000, 0x000000070d000000, 0x000000070d200000|  0%| F|  |TAMS 0x000000070d000000| PB 0x000000070d000000| Untracked |  0
|  92|0x000000070d200000, 0x000000070d200000, 0x000000070d400000|  0%| F|  |TAMS 0x000000070d200000| PB 0x000000070d200000| Untracked |  0
|  93|0x000000070d400000, 0x000000070d400000, 0x000000070d600000|  0%| F|  |TAMS 0x000000070d400000| PB 0x000000070d400000| Untracked |  0
|  94|0x000000070d600000, 0x000000070d600000, 0x000000070d800000|  0%| F|  |TAMS 0x000000070d600000| PB 0x000000070d600000| Untracked |  0
|  95|0x000000070d800000, 0x000000070d800000, 0x000000070da00000|  0%| F|  |TAMS 0x000000070d800000| PB 0x000000070d800000| Untracked |  0
|  96|0x000000070da00000, 0x000000070da00000, 0x000000070dc00000|  0%| F|  |TAMS 0x000000070da00000| PB 0x000000070da00000| Untracked |  0
|  97|0x000000070dc00000, 0x000000070dc00000, 0x000000070de00000|  0%| F|  |TAMS 0x000000070dc00000| PB 0x000000070dc00000| Untracked |  0
|  98|0x000000070de00000, 0x000000070de00000, 0x000000070e000000|  0%| F|  |TAMS 0x000000070de00000| PB 0x000000070de00000| Untracked |  0
|  99|0x000000070e000000, 0x000000070e000000, 0x000000070e200000|  0%| F|  |TAMS 0x000000070e000000| PB 0x000000070e000000| Untracked |  0
| 100|0x000000070e200000, 0x000000070e200000, 0x000000070e400000|  0%| F|  |TAMS 0x000000070e200000| PB 0x000000070e200000| Untracked |  0
| 101|0x000000070e400000, 0x000000070e400000, 0x000000070e600000|  0%| F|  |TAMS 0x000000070e400000| PB 0x000000070e400000| Untracked |  0
| 102|0x000000070e600000, 0x000000070e600000, 0x000000070e800000|  0%| F|  |TAMS 0x000000070e600000| PB 0x000000070e600000| Untracked |  0
| 103|0x000000070e800000, 0x000000070e800000, 0x000000070ea00000|  0%| F|  |TAMS 0x000000070e800000| PB 0x000000070e800000| Untracked |  0
| 104|0x000000070ea00000, 0x000000070ea00000, 0x000000070ec00000|  0%| F|  |TAMS 0x000000070ea00000| PB 0x000000070ea00000| Untracked |  0
| 105|0x000000070ec00000, 0x000000070ec00000, 0x000000070ee00000|  0%| F|  |TAMS 0x000000070ec00000| PB 0x000000070ec00000| Untracked |  0
| 106|0x000000070ee00000, 0x000000070ee00000, 0x000000070f000000|  0%| F|  |TAMS 0x000000070ee00000| PB 0x000000070ee00000| Untracked |  0
| 107|0x000000070f000000, 0x000000070f000000, 0x000000070f200000|  0%| F|  |TAMS 0x000000070f000000| PB 0x000000070f000000| Untracked |  0
| 108|0x000000070f200000, 0x000000070f200000, 0x000000070f400000|  0%| F|  |TAMS 0x000000070f200000| PB 0x000000070f200000| Untracked |  0
| 109|0x000000070f400000, 0x000000070f400000, 0x000000070f600000|  0%| F|  |TAMS 0x000000070f400000| PB 0x000000070f400000| Untracked |  0
| 110|0x000000070f600000, 0x000000070f600000, 0x000000070f800000|  0%| F|  |TAMS 0x000000070f600000| PB 0x000000070f600000| Untracked |  0
| 111|0x000000070f800000, 0x000000070f800000, 0x000000070fa00000|  0%| F|  |TAMS 0x000000070f800000| PB 0x000000070f800000| Untracked |  0
| 112|0x000000070fa00000, 0x000000070fa00000, 0x000000070fc00000|  0%| F|  |TAMS 0x000000070fa00000| PB 0x000000070fa00000| Untracked |  0
| 113|0x000000070fc00000, 0x000000070fc00000, 0x000000070fe00000|  0%| F|  |TAMS 0x000000070fc00000| PB 0x000000070fc00000| Untracked |  0
| 114|0x000000070fe00000, 0x000000070fe00000, 0x0000000710000000|  0%| F|  |TAMS 0x000000070fe00000| PB 0x000000070fe00000| Untracked |  0
| 115|0x0000000710000000, 0x0000000710000000, 0x0000000710200000|  0%| F|  |TAMS 0x0000000710000000| PB 0x0000000710000000| Untracked |  0
| 116|0x0000000710200000, 0x0000000710200000, 0x0000000710400000|  0%| F|  |TAMS 0x0000000710200000| PB 0x0000000710200000| Untracked |  0
| 117|0x0000000710400000, 0x0000000710400000, 0x0000000710600000|  0%| F|  |TAMS 0x0000000710400000| PB 0x0000000710400000| Untracked |  0
| 118|0x0000000710600000, 0x0000000710600000, 0x0000000710800000|  0%| F|  |TAMS 0x0000000710600000| PB 0x0000000710600000| Untracked |  0
| 119|0x0000000710800000, 0x0000000710800000, 0x0000000710a00000|  0%| F|  |TAMS 0x0000000710800000| PB 0x0000000710800000| Untracked |  0
| 120|0x0000000710a00000, 0x0000000710af6c38, 0x0000000710c00000| 48%| E|  |TAMS 0x0000000710a00000| PB 0x0000000710a00000| Complete |  0
| 121|0x0000000710c00000, 0x0000000710e00000, 0x0000000710e00000|100%| E|CS|TAMS 0x0000000710c00000| PB 0x0000000710c00000| Complete |  0
| 122|0x0000000710e00000, 0x0000000711000000, 0x0000000711000000|100%| E|CS|TAMS 0x0000000710e00000| PB 0x0000000710e00000| Complete |  0
| 123|0x0000000711000000, 0x0000000711200000, 0x0000000711200000|100%| E|CS|TAMS 0x0000000711000000| PB 0x0000000711000000| Complete |  0
| 124|0x0000000711200000, 0x0000000711400000, 0x0000000711400000|100%| E|CS|TAMS 0x0000000711200000| PB 0x0000000711200000| Complete |  0
| 125|0x0000000711400000, 0x0000000711600000, 0x0000000711600000|100%| E|CS|TAMS 0x0000000711400000| PB 0x0000000711400000| Complete |  0
| 126|0x0000000711600000, 0x0000000711800000, 0x0000000711800000|100%| E|CS|TAMS 0x0000000711600000| PB 0x0000000711600000| Complete |  0
| 127|0x0000000711800000, 0x0000000711a00000, 0x0000000711a00000|100%| E|CS|TAMS 0x0000000711800000| PB 0x0000000711800000| Complete |  0
|2033|0x00000007ffc00000, 0x00000007ffe00000, 0x00000007ffe00000|100%| O|  |TAMS 0x00000007ffc00000| PB 0x00000007ffc00000| Untracked |  0
|2034|0x00000007ffe00000, 0x00000007ffe41660, 0x0000000800000000| 12%| O|  |TAMS 0x00000007ffe00000| PB 0x00000007ffe00000| Untracked |  0

Card table byte_map: [0x000001c4e0640000,0x000001c4e0e40000] _byte_map_base: 0x000001c4dce33000

Marking Bits: (CMBitMap*) 0x000001c4cc7616e0
 Bits: [0x000001c4e0e40000, 0x000001c4e4dd8000)

Polling page: 0x000001c4ca6c0000

Metaspace:
Metaspace        used 3283K, committed 3520K, reserved 1114112K
 class space     used 386K, committed 512K, reserved 1048576K

Usage:
  Non-class:      2.83 MB used.
      Class:    386.89 KB used.
       Both:      3.21 MB used.

Virtual space:
  Non-class space:       64.00 MB reserved,       2.94 MB (  5%) committed,  1 nodes.
      Class space:        1.00 GB reserved,     512.00 KB ( <1%) committed,  1 nodes.
             Both:        1.06 GB reserved,       3.44 MB ( <1%) committed. 

Chunk freelists:
   Non-Class:  10.55 MB
       Class:  15.48 MB
        Both:  26.03 MB

MaxMetaspaceSize: unlimited
CompressedClassSpaceSize: 1.00 GB
Initial GC threshold: 21.00 MB
Current GC threshold: 21.00 MB
CDS: on
 - commit_granule_bytes: 65536.
 - commit_granule_words: 8192.
 - virtual_space_node_default_size: 8388608.
 - enlarge_chunks_in_place: 1.
UseCompressedClassPointers 1, UseCompactObjectHeaders 0
Narrow klass pointer bits 32, Max shift 3
Narrow klass base: 0x0000000017000000, Narrow klass shift: 0
Encoding Range: [0x0000000017000000 - 0x0000000117000000), (4294967296 bytes)
Klass Range:    [0x0000000017010000 - 0x0000000059000000), (1107230720 bytes)
Klass ID Range:  [65536 - 1107296249) (1107230713)
Protection zone: [0x0000000017000000 - 0x0000000017010000), (65536 bytes)


Internal statistics:

num_allocs_failed_limit: 0.
num_arena_births: 94.
num_arena_deaths: 0.
num_vsnodes_births: 2.
num_vsnodes_deaths: 0.
num_space_committed: 55.
num_space_uncommitted: 0.
num_chunks_returned_to_freelist: 0.
num_chunks_taken_from_freelist: 203.
num_chunk_merges: 0.
num_chunk_splits: 126.
num_chunks_enlarged: 77.
num_inconsistent_stats: 0.

CodeHeap 'non-profiled nmethods': size=120064Kb used=340Kb max_used=340Kb free=119723Kb
 bounds [0x000001c4d85d0000, 0x000001c4d8840000, 0x000001c4dfb10000]
CodeHeap 'profiled nmethods': size=120064Kb used=1538Kb max_used=1538Kb free=118525Kb
 bounds [0x000001c4d0af0000, 0x000001c4d0d60000, 0x000001c4d8030000]
CodeHeap 'non-nmethods': size=5760Kb used=1403Kb max_used=1419Kb free=4356Kb
 bounds [0x000001c4d8030000, 0x000001c4d82a0000, 0x000001c4d85d0000]
CodeCache: size=245888Kb, used=3281Kb, max_used=3297Kb, free=242604Kb
 total_blobs=1695, nmethods=1168, adapters=431, full_count=0
Compilation: enabled, stopped_count=0, restarted_count=0

Compilation events (20 events):
Event: 0.882 Thread 0x000001c4e76eeeb0 nmethod 1164 0x000001c4d0c6da08 code [0x000001c4d0c6db00, 0x000001c4d0c6e058]
Event: 0.882 Thread 0x000001c4e76eeeb0 1161   !   3       jdk.internal.classfile.impl.DirectCodeBuilder$4::tryGenerateStackMaps (48 bytes)
Event: 0.883 Thread 0x000001c4e76eeeb0 nmethod 1161 0x000001c4d0c6e088 code [0x000001c4d0c6e180, 0x000001c4d0c6e570]
Event: 0.883 Thread 0x000001c4e76eeeb0 1162       3       jdk.internal.classfile.impl.DirectCodeBuilder$4::generateStackMaps (35 bytes)
Event: 0.884 Thread 0x000001c4e76eeeb0 nmethod 1162 0x000001c4d0c6e588 code [0x000001c4d0c6e680, 0x000001c4d0c6f060]
Event: 0.884 Thread 0x000001c4e76eeeb0 1163       3       java.lang.invoke.InnerClassLambdaMetafactory::argName (38 bytes)
Event: 0.885 Thread 0x000001c4e76eeeb0 nmethod 1163 0x000001c4d0c6f088 code [0x000001c4d0c6f180, 0x000001c4d0c6f8e0]
Event: 0.885 Thread 0x000001c4e76eeeb0 1155       3       java.lang.Byte::<init> (10 bytes)
Event: 0.885 Thread 0x000001c4e76eeeb0 nmethod 1155 0x000001c4d0c6f908 code [0x000001c4d0c6fa00, 0x000001c4d0c6fbc8]
Event: 0.888 Thread 0x000001c4e76eeeb0 1165       3       java.lang.invoke.LambdaForm$Holder::constant_L (8 bytes)
Event: 0.888 Thread 0x000001c4e76eeeb0 nmethod 1165 0x000001c4d0c6fc08 code [0x000001c4d0c6fd00, 0x000001c4d0c6ff28]
Event: 0.892 Thread 0x000001c4e76eeeb0 1166       3       jdk.internal.misc.Unsafe::checkSize (32 bytes)
Event: 0.892 Thread 0x000001c4e76eeeb0 nmethod 1166 0x000001c4d0c6ff88 code [0x000001c4d0c70080, 0x000001c4d0c702e8]
Event: 0.893 Thread 0x000001c4e76eeeb0 1167       1       java.util.concurrent.atomic.AtomicInteger::get (5 bytes)
Event: 0.894 Thread 0x000001c4e76eeeb0 nmethod 1167 0x000001c4d8624088 code [0x000001c4d8624180, 0x000001c4d8624248]
Event: 0.894 Thread 0x000001c4e76eeeb0 1168       3       java.util.stream.AbstractPipeline::isParallel (8 bytes)
Event: 0.894 Thread 0x000001c4e76eeeb0 nmethod 1168 0x000001c4d0c70308 code [0x000001c4d0c70400, 0x000001c4d0c70518]
Event: 0.896 Thread 0x000001c4e76eeeb0 1169       3       java.lang.invoke.MethodHandleNatives::refKindHasReceiver (33 bytes)
Event: 0.896 Thread 0x000001c4e76eeeb0 nmethod 1169 0x000001c4d0c70608 code [0x000001c4d0c70700, 0x000001c4d0c70848]
Event: 0.897 Thread 0x000001c4e76e9160 nmethod 1152 0x000001c4d8624388 code [0x000001c4d86244a0, 0x000001c4d8625050]

GC Heap Usage History (0 events):
No events

Metaspace Usage History (0 events):
No events

Dll operation events (2 events):
Event: 0.031 Loaded shared library C:\Program Files\JetBrains\WebStorm 2026.1.3\jbr\bin\java.dll
Event: 0.196 Loaded shared library C:\Program Files\JetBrains\WebStorm 2026.1.3\jbr\bin\zip.dll

Deoptimization events (20 events):
Event: 0.766 Thread 0x000001c4ec7c95d0 Uncommon trap: trap_request=0xffffff5e fr.pc=0x000001c4d8619098 relative=0x0000000000000218
Event: 0.766 Thread 0x000001c4ec7c95d0 Uncommon trap: reason=speculate_class_check action=maybe_recompile pc=0x000001c4d8619098 method=sun.security.util.math.intpoly.IntegerPolynomial.multByInt([JJ)V @ 26 c2
Event: 0.766 Thread 0x000001c4ec7c95d0 DEOPT PACKING pc=0x000001c4d8619098 sp=0x0000007979efe9a0
Event: 0.766 Thread 0x000001c4ec7c95d0 DEOPT UNPACKING pc=0x000001c4d814f702 sp=0x0000007979efe8b0 mode 2
Event: 0.766 Thread 0x000001c4ec7c95d0 Uncommon trap: trap_request=0xffffffde fr.pc=0x000001c4d8615af0 relative=0x0000000000000170
Event: 0.766 Thread 0x000001c4ec7c95d0 Uncommon trap: reason=class_check action=maybe_recompile pc=0x000001c4d8615af0 method=sun.security.util.math.intpoly.IntegerPolynomial.multByInt([JJ)V @ 26 c2
Event: 0.766 Thread 0x000001c4ec7c95d0 DEOPT PACKING pc=0x000001c4d8615af0 sp=0x0000007979efe910
Event: 0.766 Thread 0x000001c4ec7c95d0 DEOPT UNPACKING pc=0x000001c4d814f702 sp=0x0000007979efe8b0 mode 2
Event: 0.766 Thread 0x000001c4ec7c95d0 Uncommon trap: trap_request=0xffffffde fr.pc=0x000001c4d8615af0 relative=0x0000000000000170
Event: 0.766 Thread 0x000001c4ec7c95d0 Uncommon trap: reason=class_check action=maybe_recompile pc=0x000001c4d8615af0 method=sun.security.util.math.intpoly.IntegerPolynomial.multByInt([JJ)V @ 26 c2
Event: 0.766 Thread 0x000001c4ec7c95d0 DEOPT PACKING pc=0x000001c4d8615af0 sp=0x0000007979efe910
Event: 0.766 Thread 0x000001c4ec7c95d0 DEOPT UNPACKING pc=0x000001c4d814f702 sp=0x0000007979efe8b0 mode 2
Event: 0.766 Thread 0x000001c4ec7c95d0 Uncommon trap: trap_request=0xffffffde fr.pc=0x000001c4d8615af0 relative=0x0000000000000170
Event: 0.766 Thread 0x000001c4ec7c95d0 Uncommon trap: reason=class_check action=maybe_recompile pc=0x000001c4d8615af0 method=sun.security.util.math.intpoly.IntegerPolynomial.multByInt([JJ)V @ 26 c2
Event: 0.766 Thread 0x000001c4ec7c95d0 DEOPT PACKING pc=0x000001c4d8615af0 sp=0x0000007979efe910
Event: 0.766 Thread 0x000001c4ec7c95d0 DEOPT UNPACKING pc=0x000001c4d814f702 sp=0x0000007979efe8b0 mode 2
Event: 0.766 Thread 0x000001c4ec7c95d0 Uncommon trap: trap_request=0xffffffde fr.pc=0x000001c4d8615af0 relative=0x0000000000000170
Event: 0.766 Thread 0x000001c4ec7c95d0 Uncommon trap: reason=class_check action=maybe_recompile pc=0x000001c4d8615af0 method=sun.security.util.math.intpoly.IntegerPolynomial.multByInt([JJ)V @ 26 c2
Event: 0.766 Thread 0x000001c4ec7c95d0 DEOPT PACKING pc=0x000001c4d8615af0 sp=0x0000007979efe910
Event: 0.766 Thread 0x000001c4ec7c95d0 DEOPT UNPACKING pc=0x000001c4d814f702 sp=0x0000007979efe8b0 mode 2

Classes loaded (20 events):
Event: 0.770 Loading class com/sun/crypto/provider/HKDFKeyDerivation done
Event: 0.770 Loading class com/sun/crypto/provider/HKDFKeyDerivation$HKDFSHA256 done
Event: 0.771 Loading class com/sun/crypto/provider/HKDFKeyDerivation$SupportedHmac
Event: 0.771 Loading class com/sun/crypto/provider/HKDFKeyDerivation$SupportedHmac done
Event: 0.771 Loading class javax/crypto/KDF$Delegate
Event: 0.771 Loading class javax/crypto/KDF$Delegate done
Event: 0.771 Loading class javax/crypto/spec/HKDFParameterSpec
Event: 0.771 Loading class javax/crypto/spec/HKDFParameterSpec done
Event: 0.771 Loading class javax/crypto/spec/HKDFParameterSpec$Builder
Event: 0.772 Loading class javax/crypto/spec/HKDFParameterSpec$Builder done
Event: 0.772 Loading class javax/crypto/spec/HKDFParameterSpec$Extract
Event: 0.772 Loading class javax/crypto/spec/HKDFParameterSpec$Extract done
Event: 0.776 Loading class javax/crypto/spec/HKDFParameterSpec$Expand
Event: 0.776 Loading class javax/crypto/spec/HKDFParameterSpec$Expand done
Event: 0.786 Loading class com/sun/crypto/provider/AEADBufferedStream
Event: 0.786 Loading class com/sun/crypto/provider/AEADBufferedStream done
Event: 0.798 Loading class jdk/internal/event/X509CertificateEvent
Event: 0.798 Loading class jdk/internal/event/X509CertificateEvent done
Event: 0.812 Loading class jdk/internal/event/TLSHandshakeEvent
Event: 0.812 Loading class jdk/internal/event/TLSHandshakeEvent done

Classes unloaded (0 events):
No events

Classes redefined (0 events):
No events

Internal exceptions (19 events):
Event: 0.231 Thread 0x000001c4ca374980 Exception <a 'sun/nio/fs/WindowsException'{0x000000071176abe0}> (0x000000071176abe0) 
thrown [s\src\hotspot\share\prims\jni.cpp, line 535]
Event: 0.341 Thread 0x000001c4ca374980 Exception <a 'java/lang/NoSuchMethodError'{0x00000007114ce548}: 'java.lang.Object java.lang.invoke.DirectMethodHandle$Holder.invokeStaticInit(java.lang.Object, java.lang.Object, int, int, int, int)'> (0x00000007114ce548) 
thrown [s\src\hotspot\share\interpreter\linkResolver.cpp, line 815]
Event: 0.379 Thread 0x000001c4ca374980 Exception <a 'java/lang/NoSuchMethodError'{0x000000071155bff0}: 'int java.lang.invoke.DirectMethodHandle$Holder.invokeSpecialIFC(java.lang.Object, java.lang.Object, java.lang.Object)'> (0x000000071155bff0) 
thrown [s\src\hotspot\share\interpreter\linkResolver.cpp, line 815]
Event: 0.417 Thread 0x000001c4ca374980 Exception <a 'java/lang/NoSuchMethodError'{0x0000000711254838}: 'long java.lang.invoke.DirectMethodHandle$Holder.invokeSpecial(java.lang.Object, java.lang.Object)'> (0x0000000711254838) 
thrown [s\src\hotspot\share\interpreter\linkResolver.cpp, line 815]
Event: 0.419 Thread 0x000001c4ca374980 Exception <a 'java/lang/NoSuchMethodError'{0x000000071126b748}: 'int java.lang.invoke.DirectMethodHandle$Holder.invokeStatic(java.lang.Object, java.lang.Object, java.lang.Object, java.lang.Object)'> (0x000000071126b748) 
thrown [s\src\hotspot\share\interpreter\linkResolver.cpp, line 815]
Event: 0.501 Thread 0x000001c4ca374980 Exception <a 'java/lang/NoSuchMethodError'{0x00000007113b6288}: 'java.lang.Object java.lang.invoke.DirectMethodHandle$Holder.newInvokeSpecial(java.lang.Object, java.lang.Object, java.lang.Object, java.lang.Object, java.lang.Object)'> (0x00000007113b6288) 
thrown [s\src\hotspot\share\interpreter\linkResolver.cpp, line 815]
Event: 0.543 Thread 0x000001c4ca374980 Exception <a 'java/lang/NoSuchMethodError'{0x00000007110b0228}: 'java.lang.Object java.lang.invoke.DirectMethodHandle$Holder.invokeSpecial(java.lang.Object, java.lang.Object, java.lang.Object, java.lang.Object, java.lang.Object, int)'> (0x00000007110b0228) 
thrown [s\src\hotspot\share\interpreter\linkResolver.cpp, line 815]
Event: 0.545 Thread 0x000001c4ca374980 Exception <a 'java/lang/NoSuchMethodError'{0x00000007110c0a70}: 'java.lang.Object java.lang.invoke.Invokers$Holder.linkToTargetMethod(java.lang.Object, java.lang.Object, int, java.lang.Object)'> (0x00000007110c0a70) 
thrown [s\src\hotspot\share\interpreter\linkResolver.cpp, line 815]
Event: 0.554 Thread 0x000001c4ca374980 Exception <a 'java/lang/NoSuchMethodError'{0x00000007110e2a50}: 'void java.lang.invoke.DirectMethodHandle$Holder.invokeSpecial(java.lang.Object, java.lang.Object, java.lang.Object)'> (0x00000007110e2a50) 
thrown [s\src\hotspot\share\interpreter\linkResolver.cpp, line 815]
Event: 0.570 Thread 0x000001c4ec445ea0 Exception <a 'java/lang/NoSuchMethodError'{0x00000007113fbc68}: 'int java.lang.invoke.DirectMethodHandle$Holder.invokeStatic(java.lang.Object, int, java.lang.Object)'> (0x00000007113fbc68) 
thrown [s\src\hotspot\share\interpreter\linkResolver.cpp, line 815]
Event: 0.573 Thread 0x000001c4ec445ea0 Exception <a 'java/lang/NoSuchMethodError'{0x0000000710e06888}: 'void java.lang.invoke.DirectMethodHandle$Holder.invokeStatic(java.lang.Object, java.lang.Object, int)'> (0x0000000710e06888) 
thrown [s\src\hotspot\share\interpreter\linkResolver.cpp, line 815]
Event: 0.574 Thread 0x000001c4ec445ea0 Exception <a 'java/lang/NoSuchMethodError'{0x0000000710e15ba8}: 'java.lang.Object java.lang.invoke.DirectMethodHandle$Holder.newInvokeSpecial(java.lang.Object, java.lang.Object, int)'> (0x0000000710e15ba8) 
thrown [s\src\hotspot\share\interpreter\linkResolver.cpp, line 815]
Event: 0.578 Thread 0x000001c4ca374980 Exception <a 'java/lang/NoSuchMethodError'{0x00000007111a8890}: 'void java.lang.invoke.DirectMethodHandle$Holder.invokeSpecial(java.lang.Object, java.lang.Object, java.lang.Object, java.lang.Object, java.lang.Object)'> (0x00000007111a8890) 
thrown [s\src\hotspot\share\interpreter\linkResolver.cpp, line 815]
Event: 0.582 Thread 0x000001c4ec7c95d0 Exception <a 'java/lang/NoSuchMethodError'{0x0000000710f07558}: 'void java.lang.invoke.DirectMethodHandle$Holder.invokeInterface(java.lang.Object, java.lang.Object, java.lang.Object)'> (0x0000000710f07558) 
thrown [s\src\hotspot\share\interpreter\linkResolver.cpp, line 815]
Event: 0.598 Thread 0x000001c4ec7c95d0 Exception <a 'java/lang/NoSuchMethodError'{0x0000000710f93dd0}: 'long java.lang.invoke.DirectMethodHandle$Holder.invokeStatic(java.lang.Object, long, long)'> (0x0000000710f93dd0) 
thrown [s\src\hotspot\share\interpreter\linkResolver.cpp, line 815]
Event: 0.598 Thread 0x000001c4ec445ea0 Exception <a 'java/lang/NoSuchMethodError'{0x0000000710e53780}: 'long java.lang.invoke.DirectMethodHandle$Holder.invokeStatic(java.lang.Object, long, long)'> (0x0000000710e53780) 
thrown [s\src\hotspot\share\interpreter\linkResolver.cpp, line 815]
Event: 0.738 Thread 0x000001c4ec7c95d0 Exception <a 'java/lang/NoSuchMethodError'{0x0000000710c3ac98}: 'void java.lang.invoke.DirectMethodHandle$Holder.invokeInterface(java.lang.Object, java.lang.Object)'> (0x0000000710c3ac98) 
thrown [s\src\hotspot\share\interpreter\linkResolver.cpp, line 815]
Event: 0.752 Thread 0x000001c4ec7c95d0 Exception <a 'java/lang/NoSuchMethodError'{0x0000000710c7e630}: 'java.lang.Object java.lang.invoke.Invokers$Holder.invoke_MT(java.lang.Object, java.lang.Object, java.lang.Object, java.lang.Object, java.lang.Object, java.lang.Object)'> (0x0000000710c7e630) 
thrown [s\src\hotspot\share\interpreter\linkResolver.cpp, line 815]
Event: 0.815 Thread 0x000001c4ec7c95d0 Exception <a 'java/lang/NoSuchMethodError'{0x0000000710d35c48}: 'void java.lang.invoke.DirectMethodHandle$Holder.invokeStatic(java.lang.Object, java.lang.Object, java.lang.Object, java.lang.Object)'> (0x0000000710d35c48) 
thrown [s\src\hotspot\share\interpreter\linkResolver.cpp, line 815]

VM Operations (2 events):
Event: 0.309 Executing non-safepoint VM operation: HandshakeAllThreads (Deoptimize)
Event: 0.309 Executing non-safepoint VM operation: HandshakeAllThreads (Deoptimize) done

Memory protections (0 events):
No events

Nmethod flushes (0 events):
No events

Events (20 events):
Event: 0.106 Thread 0x000001c4ca374980 Thread added: 0x000001c4e76d2a60
Event: 0.106 Thread 0x000001c4ca374980 Thread added: 0x000001c4e76d38c0
Event: 0.106 Thread 0x000001c4ca374980 Thread added: 0x000001c4e76d6ee0
Event: 0.107 Thread 0x000001c4ca374980 Thread added: 0x000001c4e76d9ab0
Event: 0.107 Thread 0x000001c4ca374980 Thread added: 0x000001c4e76da670
Event: 0.107 Thread 0x000001c4ca374980 Thread added: 0x000001c4e76db230
Event: 0.107 Thread 0x000001c4ca374980 Thread added: 0x000001c4e76e9160
Event: 0.107 Thread 0x000001c4ca374980 Thread added: 0x000001c4e76eeeb0
Event: 0.117 Thread 0x000001c4ca374980 Thread added: 0x000001c4e79d7130
Event: 0.125 Loaded shared library C:\Program Files\JetBrains\WebStorm 2026.1.3\jbr\bin\net.dll
Event: 0.128 Loaded shared library C:\Program Files\JetBrains\WebStorm 2026.1.3\jbr\bin\nio.dll
Event: 0.134 Loaded shared library C:\Program Files\JetBrains\WebStorm 2026.1.3\jbr\bin\zip.dll
Event: 0.244 Loaded shared library C:\Program Files\JetBrains\WebStorm 2026.1.3\jbr\bin\jimage.dll
Event: 0.280 Thread 0x000001c4e76eeeb0 Thread added: 0x000001c4e76ef6c0
Event: 0.447 Loaded shared library C:\Program Files\JetBrains\WebStorm 2026.1.3\jbr\bin\sunmscapi.dll
Event: 0.485 Loaded shared library C:\Program Files\JetBrains\WebStorm 2026.1.3\jbr\bin\extnet.dll
Event: 0.495 Thread 0x000001c4ca374980 Thread added: 0x000001c4ec445ea0
Event: 0.580 Thread 0x000001c4ec445ea0 Thread added: 0x000001c4ec7c95d0
Event: 0.601 Thread 0x000001c4ec445ea0 Thread added: 0x000001c4e76e2000
Event: 0.643 Thread 0x000001c4e76ef6c0 Thread added: 0x000001c4e76f2f30


Dynamic libraries:
0x00007ff7ed380000 - 0x00007ff7ed38a000 	C:\Program Files\JetBrains\WebStorm 2026.1.3\jbr\bin\java.exe
0x00007ffbaf740000 - 0x00007ffbaf9a7000 	C:\Windows\SYSTEM32\ntdll.dll
0x00007ffbae330000 - 0x00007ffbae3f9000 	C:\Windows\System32\KERNEL32.DLL
0x00007ffbac0b0000 - 0x00007ffbac4a1000 	C:\Windows\System32\KERNELBASE.dll
0x00007ffbac4b0000 - 0x00007ffbac5fb000 	C:\Windows\System32\ucrtbase.dll
0x00007ffba1ff0000 - 0x00007ffba200e000 	C:\Program Files\JetBrains\WebStorm 2026.1.3\jbr\bin\VCRUNTIME140.dll
0x00007ffb8d2c0000 - 0x00007ffb8d2d7000 	C:\Program Files\JetBrains\WebStorm 2026.1.3\jbr\bin\jli.dll
0x00007ffbaf520000 - 0x00007ffbaf6e5000 	C:\Windows\System32\USER32.dll
0x00007ffb94f20000 - 0x00007ffb951b3000 	C:\Windows\WinSxS\amd64_microsoft.windows.common-controls_6595b64144ccf1df_6.0.26100.8037_none_3e092faae333b53b\COMCTL32.dll
0x00007ffbac820000 - 0x00007ffbac847000 	C:\Windows\System32\win32u.dll
0x00007ffbadde0000 - 0x00007ffbade0b000 	C:\Windows\System32\GDI32.dll
0x00007ffbae400000 - 0x00007ffbae4a9000 	C:\Windows\System32\msvcrt.dll
0x00007ffbad180000 - 0x00007ffbad2ab000 	C:\Windows\System32\gdi32full.dll
0x00007ffbac600000 - 0x00007ffbac6a3000 	C:\Windows\System32\msvcp_win.dll
0x00007ffbae840000 - 0x00007ffbae871000 	C:\Windows\System32\IMM32.DLL
0x00007ffba2aa0000 - 0x00007ffba2aac000 	C:\Program Files\JetBrains\WebStorm 2026.1.3\jbr\bin\vcruntime140_1.dll
0x00007ffb74da0000 - 0x00007ffb74e29000 	C:\Program Files\JetBrains\WebStorm 2026.1.3\jbr\bin\msvcp140.dll
0x00007ffb12f00000 - 0x00007ffb13e55000 	C:\Program Files\JetBrains\WebStorm 2026.1.3\jbr\bin\server\jvm.dll
0x00007ffbadf30000 - 0x00007ffbadfeb000 	C:\Windows\System32\ADVAPI32.dll
0x00007ffbadba0000 - 0x00007ffbadc47000 	C:\Windows\System32\sechost.dll
0x00007ffbae8d0000 - 0x00007ffbae9e8000 	C:\Windows\System32\RPCRT4.dll
0x00007ffbad970000 - 0x00007ffbad9e4000 	C:\Windows\System32\WS2_32.dll
0x00007ffbabe80000 - 0x00007ffbabede000 	C:\Windows\SYSTEM32\POWRPROF.dll
0x00007ffb969d0000 - 0x00007ffb96a05000 	C:\Windows\SYSTEM32\WINMM.dll
0x00007ffba0180000 - 0x00007ffba018b000 	C:\Windows\SYSTEM32\VERSION.dll
0x00007ffbabe60000 - 0x00007ffbabe74000 	C:\Windows\SYSTEM32\UMPDC.dll
0x00007ffbaad70000 - 0x00007ffbaad8b000 	C:\Windows\SYSTEM32\kernel.appcore.dll
0x00007ffb977c0000 - 0x00007ffb977ca000 	C:\Program Files\JetBrains\WebStorm 2026.1.3\jbr\bin\jimage.dll
0x00007ffbaa0c0000 - 0x00007ffbaa302000 	C:\Windows\SYSTEM32\DBGHELP.DLL
0x00007ffbae4b0000 - 0x00007ffbae832000 	C:\Windows\System32\combase.dll
0x00007ffbad9f0000 - 0x00007ffbadac7000 	C:\Windows\System32\OLEAUT32.dll
0x00007ffb92a00000 - 0x00007ffb92a3b000 	C:\Windows\SYSTEM32\dbgcore.DLL
0x00007ffbad430000 - 0x00007ffbad4d5000 	C:\Windows\System32\bcryptPrimitives.dll
0x00007ffb96ef0000 - 0x00007ffb96f0f000 	C:\Program Files\JetBrains\WebStorm 2026.1.3\jbr\bin\java.dll
0x00007ffbaea60000 - 0x00007ffbaebf5000 	C:\Windows\System32\ole32.dll
0x00007ffbaec00000 - 0x00007ffbaf35f000 	C:\Windows\System32\SHELL32.dll
0x00007ffbac6b0000 - 0x00007ffbac81a000 	C:\Windows\System32\wintypes.dll
0x00007ffbac850000 - 0x00007ffbad0b4000 	C:\Windows\System32\windows.storage.dll
0x00007ffbaf420000 - 0x00007ffbaf517000 	C:\Windows\System32\SHCORE.dll
0x00007ffbae9f0000 - 0x00007ffbaea57000 	C:\Windows\System32\shlwapi.dll
0x00007ffbabf40000 - 0x00007ffbabf69000 	C:\Windows\SYSTEM32\profapi.dll
0x00007ffb96550000 - 0x00007ffb96562000 	C:\Program Files\JetBrains\WebStorm 2026.1.3\jbr\bin\net.dll
0x00007ffbab2c0000 - 0x00007ffbab32b000 	C:\Windows\system32\mswsock.dll
0x00007ffb964e0000 - 0x00007ffb964f6000 	C:\Program Files\JetBrains\WebStorm 2026.1.3\jbr\bin\nio.dll
0x00007ffb966d0000 - 0x00007ffb966e6000 	C:\Program Files\JetBrains\WebStorm 2026.1.3\jbr\bin\zip.dll
0x00007ffbab6c0000 - 0x00007ffbab6db000 	C:\Windows\SYSTEM32\CRYPTSP.dll
0x00007ffbaacd0000 - 0x00007ffbaad09000 	C:\Windows\system32\rsaenh.dll
0x00007ffbab370000 - 0x00007ffbab3a2000 	C:\Windows\SYSTEM32\USERENV.dll
0x00007ffbabf10000 - 0x00007ffbabf3a000 	C:\Windows\SYSTEM32\bcrypt.dll
0x00007ffbab520000 - 0x00007ffbab52c000 	C:\Windows\SYSTEM32\CRYPTBASE.dll
0x00007ffbaa680000 - 0x00007ffbaa6b3000 	C:\Windows\SYSTEM32\IPHLPAPI.DLL
0x00007ffbaf6f0000 - 0x00007ffbaf6fa000 	C:\Windows\System32\NSI.dll
0x00007ffb965d0000 - 0x00007ffb965de000 	C:\Program Files\JetBrains\WebStorm 2026.1.3\jbr\bin\sunmscapi.dll
0x00007ffbad2b0000 - 0x00007ffbad427000 	C:\Windows\System32\CRYPT32.dll
0x00007ffbab820000 - 0x00007ffbab850000 	C:\Windows\SYSTEM32\ncrypt.dll
0x00007ffbab7d0000 - 0x00007ffbab80f000 	C:\Windows\SYSTEM32\NTASN1.dll
0x00007ffb72830000 - 0x00007ffb72838000 	C:\Windows\system32\wshunix.dll
0x00007ffb95d80000 - 0x00007ffb95d89000 	C:\Program Files\JetBrains\WebStorm 2026.1.3\jbr\bin\extnet.dll

JVMTI agents: none

dbghelp: loaded successfully - version: 4.0.5 - missing functions: none
symbol engine: initialized successfully - sym options: 0x614 - pdb path: .;C:\Program Files\JetBrains\WebStorm 2026.1.3\jbr\bin;C:\Windows\SYSTEM32;C:\Windows\WinSxS\amd64_microsoft.windows.common-controls_6595b64144ccf1df_6.0.26100.8037_none_3e092faae333b53b;C:\Program Files\JetBrains\WebStorm 2026.1.3\jbr\bin\server

VM Arguments:
java_command: git4idea.http.GitAskPassApp Username for 'https://github.com': 
java_class_path (initial): C:/Program Files/JetBrains/WebStorm 2026.1.3/plugins/vcs-git/lib/git4idea-rt.jar;C:/Program Files/JetBrains/WebStorm 2026.1.3/lib/externalProcess-rt.jar
Launcher Type: SUN_STANDARD

[Global flags]
     intx CICompilerCount                          = 4                                         {product} {ergonomic}
     uint ConcGCThreads                            = 2                                         {product} {ergonomic}
     uint G1ConcRefinementThreads                  = 8                                         {product} {ergonomic}
   size_t G1HeapRegionSize                         = 2097152                                   {product} {ergonomic}
   size_t InitialHeapSize                          = 268435456                                 {product} {ergonomic}
   size_t MarkStackSize                            = 4194304                                   {product} {ergonomic}
   size_t MarkStackSizeMax                         = 536870912                                 {product} {ergonomic}
   size_t MaxHeapSize                              = 4267704320                                {product} {ergonomic}
   size_t MaxNewSize                               = 2560622592                                {product} {ergonomic}
   size_t MinHeapDeltaBytes                        = 2097152                                   {product} {ergonomic}
   size_t MinHeapSize                              = 8388608                                   {product} {ergonomic}
    uintx NonNMethodCodeHeapSize                   = 5898240                                {pd product} {ergonomic}
    uintx NonProfiledCodeHeapSize                  = 122945536                              {pd product} {ergonomic}
    uintx ProfiledCodeHeapSize                     = 122945536                              {pd product} {ergonomic}
    uintx ReservedCodeCacheSize                    = 251789312                              {pd product} {ergonomic}
     bool SegmentedCodeCache                       = true                                      {product} {ergonomic}
   size_t SoftMaxHeapSize                          = 4267704320                             {manageable} {ergonomic}
     bool UseCompressedOops                        = true                           {product lp64_product} {ergonomic}
     bool UseG1GC                                  = true                                      {product} {ergonomic}
     bool UseLargePagesIndividualAllocation        = false                                  {pd product} {ergonomic}

Logging:
Log output configuration:
 #0: stdout all=warning uptime,level,tags foldmultilines=false
 #1: stderr all=off uptime,level,tags foldmultilines=false

Release file:
JAVA_VERSION="25.0.3" 
MODULES="java.base java.datatransfer java.xml java.prefs java.desktop gluegen.rt java.compiler java.instrument java.logging java.management java.security.sasl java.naming java.rmi java.management.rmi java.net.http java.scripting java.security.jgss java.transaction.xa java.sql java.sql.rowset java.xml.crypto java.se java.smartcardio jogl.all jcef jdk.accessibility jdk.internal.jvmstat jdk.attach jdk.charsets jdk.internal.opt jdk.zipfs jdk.compiler jdk.crypto.cryptoki jdk.crypto.ec jdk.crypto.mscapi jdk.dynalink jdk.hotspot.agent jdk.httpserver jdk.internal.ed jdk.internal.le jdk.internal.md jdk.internal.vm.ci jdk.javadoc jdk.jcmd jdk.jdwp.agent jdk.jdi jdk.jfr jdk.localedata jdk.management jdk.management.agent jdk.management.jfr jdk.naming.dns jdk.naming.rmi jdk.net jdk.sctp jdk.security.auth jdk.security.jgss jdk.unsupported jdk.unsupported.desktop jdk.xml.dom" 
IMPLEMENTOR="JetBrains s.r.o." 
IMPLEMENTOR_VERSION="JBR-25.0.3+1-329.124-jcef" 
JAVA_RUNTIME_VERSION="25.0.3+1-b329.124" 
LIBC="default" 
OS_ARCH="x86_64" 
OS_NAME="Windows" 
SOURCE=".:git:aa719f98f3da+ jcef_git:git:4a605f44671a" 
JCEF_VERSION="137.0.17.1142+g68de80b" 
JCEF_COMMIT_HASH="68de80bc86de497c8d0632ad0f8fe33625b33bff" 
JCEF_VERSION_DETAILED=137.0.17-gf354b0e-chromium-137.0.7151.104-api-1.21-261-b86

Environment Variables:
JAVA_HOME=C:\Program Files\Eclipse Adoptium\jdk-17.0.18.8-hotspot
PATH=C:/Program Files/Git/mingw64/libexec/git-core;C:/Program Files/Git/mingw64/libexec/git-core;C:\Program Files\Git\mingw64\bin;C:\Program Files\Git\usr\bin;C:\Users\Ali Hassan\bin;C:\Python314\Scripts\;C:\Python314\;C:\Program Files\Eclipse Adoptium\jdk-17.0.18.8-hotspot\bin;C:\Program Files\Common Files\Oracle\Java\javapath;C:\Python313\Scripts\;C:\Python313\;C:\Windows\system32;C:\Windows;C:\Windows\System32\Wbem;C:\Windows\System32\WindowsPowerShell\v1.0\;C:\Windows\System32\OpenSSH\;C:\ProgramData\chocolatey\bin;C:\Program Files\Java\jdk-17;C:\Users\Ali Hassan\AppData\Local\Android\Sdk;C:\Users\Ali Hassan\AppData\Local\Android\Sdk\platform-tools;C:\Users\Ali Hassan\AppData\Local\Android\Sdk\emulator;C:\Users\Ali Hassan\AppData\Local\Android\Sdk\cmdline-tools\latest\bin;C:\Users\Ali Hassan\AppData\Local\Android\Sdk\build-tools;C:\Users\Ali Hassan\AppData\Local\Android\Sdk\build-tools\35.0.0;C:\Users\Ali Hassan\AppData\Local\Android\Sdk\build-tools\36.0.0;C:\Program Files\Git\cmd;C:\composer;C:\Program Files\Docker\Docker\resources\bin;C:\Users\Ali Hassan\AppData\Local\Microsoft\WindowsApps;C:\Users\Ali Hassan\AppData\Local\Programs\Microsoft VS Code\bin;C:\Users\Ali Hassan\AppData\Roaming\npm;C:\intelFPGA\18.1\modelsim_ase\win32aloem;C:\php;C:\Users\Ali Hassan\AppData\Roaming\Composer\vendor\bin;C:\Users\Ali Hassan\AppData\Roaming\Composer\vendor\bin;C:\Program Files\OpenLogic\jdk-25.0.2.10-hotspot\bin;C:\Program Files\nodejs\;C:\Program Files (x86)\Microsoft SQL Server\170\Tools\Binn\;C:\Program Files\Microsoft SQL Server\170\Tools\Binn\;C:\Program Files\Microsoft SQL Server\Client SDK\ODBC\180\Tools\Binn\;C:\Program Files\Microsoft SQL Server\170\DTS\Binn\;C:\Program Files\dotnet\;C:\Users\Ali Hassan\AppData\Local\Programs\Python\Python312\Scripts\;C:\Users\Ali Hassan\AppData\Local\Programs\Python\Python312\;C:\Users\Ali Hassan\AppData\Local\Microsoft\WindowsApps;C:\Users\Ali Hassan\AppData\Local\Programs\Microsoft VS Code\bin;C:\Users\Ali Hassan\AppData\Local\Android\Sdk;C:\Users\Ali Hassan\AppData\Local\Android\Sdk\platform-tools;C:\Users\Ali Hassan\AppData\Local\Android\Sdk\emulator;C:\Users\Ali Hassan\AppData\Local\Android\Sdk\cmdline-tools\latest\bin;C:\Users\Ali Hassan\AppData\Local\Android\Sdk\build-tools;C:\Users\Ali Hassan\AppData\Local\Android\Sdk\build-tools\35.0.0;C:\Users\Ali Hassan\AppData\Local\Android\Sdk\build-tools\36.0.0;C:\intelFPGA\18.1\modelsim_ase\win32aloem;C:\Program Files\Java\jdk-17;C:\php;C:\Users\Ali Hassan\AppData\Roaming\Composer\vendor\bin;C:\Users\Ali Hassan\AppData\Roaming\Composer\vendor\bin;C:\Program Files\Eclipse Adoptium\jdk-17.0.18.8-hotspot\bin;C:\Users\Ali Hassan\AppData\Roaming\npm;C:\Users\Ali Hassan\.dotnet\tools
USERNAME=Ali Hassan
DISPLAY=:0.0
LC_ALL=en_US.UTF-8
TERM=xterm-256color
TMPDIR=C:\Users\ALIHAS~1\AppData\Local\Temp
OS=Windows_NT
PROCESSOR_IDENTIFIER=Intel64 Family 6 Model 142 Stepping 10, GenuineIntel
TMP=C:\Users\ALIHAS~1\AppData\Local\Temp
TEMP=C:\Users\ALIHAS~1\AppData\Local\Temp




Compilation memory statistics disabled.

Periodic native trim disabled

JNI global refs:
JNI global refs: 19, weak refs: 0

JNI global refs memory usage: 835, weak refs: 201

Process memory usage:
Resident Set Size: 95400K (0% of 16664932K total physical memory with 966784K free physical memory)

OOME stack traces (most recent first):
Classloader memory used:
Loader bootstrap                                                                       : 1679 K
Loader jdk.internal.loader.ClassLoaders$PlatformClassLoader                            : 1576 K
Loader jdk.internal.loader.ClassLoaders$AppClassLoader                                 : 27392 B

---------------  S Y S T E M  ---------------

OS:
 Windows 11 , 64 bit Build 26100 (10.0.26100.7920)
OS uptime: 23 days 19:12 hours
Hyper-V role detected

CPU: total 8 (initial active 8) (4 cores per cpu, 2 threads per core) family 6 model 142 stepping 10 microcode 0xf4, cx8, cmov, fxsr, ht, mmx, 3dnowpref, sse, sse2, sse3, ssse3, sse4.1, sse4.2, popcnt, lzcnt, tsc, tscinvbit, avx, avx2, aes, erms, clmul, bmi1, bmi2, adx, fma, vzeroupper, clflush, clflushopt, hv, rdtscp, f16c
Processor Information for processor 0
  Max Mhz: 1800, Current Mhz: 1500, Mhz Limit: 1584
Processor Information for processor 1
  Max Mhz: 1800, Current Mhz: 1500, Mhz Limit: 1584
Processor Information for processor 2
  Max Mhz: 1800, Current Mhz: 1500, Mhz Limit: 1584
Processor Information for processor 3
  Max Mhz: 1800, Current Mhz: 1500, Mhz Limit: 1584
Processor Information for processor 4
  Max Mhz: 1800, Current Mhz: 1600, Mhz Limit: 1584
Processor Information for processor 5
  Max Mhz: 1800, Current Mhz: 1500, Mhz Limit: 1584
Processor Information for processor 6
  Max Mhz: 1800, Current Mhz: 1500, Mhz Limit: 1584
Processor Information for processor 7
  Max Mhz: 1800, Current Mhz: 1500, Mhz Limit: 1584

Memory: 4k page, system-wide physical 16274M (944M free)
TotalPageFile size 28568M (AvailPageFile size 26M)
current process WorkingSet (physical memory assigned to process): 93M, peak: 95M
current process commit charge ("private bytes"): 380M, peak: 382M

vm_info: OpenJDK 64-Bit Server VM (25.0.3+1-b329.124) for windows-amd64 JRE (25.0.3+1-b329.124), built on 2026-04-30 with MS VC++ 17.14 (VS2022)

END.
