#
# There is insufficient memory for the Java Runtime Environment to continue.
# Native memory allocation (malloc) failed to allocate 962648 bytes. Error detail: Chunk::new
# Possible reasons:
#   The system is out of physical RAM or swap space
#   This process is running with CompressedOops enabled, and the Java Heap may be blocking the growth of the native heap
# Possible solutions:
#   Reduce memory load on the system
#   Increase physical memory or swap space
#   Check if swap backing store is full
#   Decrease Java heap size (-Xmx/-Xms)
#   Decrease number of Java threads
#   Decrease Java thread stack sizes (-Xss)
#   Set larger code cache with -XX:ReservedCodeCacheSize=
#   JVM is running with Zero Based Compressed Oops mode in which the Java heap is
#     placed in the first 32GB address space. The Java Heap base address is the
#     maximum limit for the native heap growth. Please use -XX:HeapBaseMinAddress
#     to set the Java Heap base and to place the Java Heap above 32GB virtual address.
# This output file may be truncated or incomplete.
#
#  Out of Memory Error (arena.cpp:186), pid=10408, tid=3344
#
# JRE version: OpenJDK Runtime Environment JBR-25.0.2+1-329.117-jcef (25.0.2+1) (build 25.0.2+1-b329.117)
# Java VM: OpenJDK 64-Bit Server VM JBR-25.0.2+1-329.117-jcef (25.0.2+1-b329.117, mixed mode, sharing, tiered, compressed oops, compressed class ptrs, g1 gc, windows-amd64)
# No core dump will be written. Minidumps are not enabled by default on client versions of Windows
#

---------------  S U M M A R Y ------------

Command Line: git4idea.http.GitAskPassApp Username for 'https://github.com': 

Host: Intel(R) Core(TM) i5-8250U CPU @ 1.60GHz, 8 cores, 15G,  Windows 11 , 64 bit Build 26100 (10.0.26100.7920)
Time: Wed Jul 29 16:27:14 2026 Pakistan Standard Time elapsed time: 2.834494 seconds (0d 0h 0m 2s)

---------------  T H R E A D  ---------------

Current thread (0x000002ef9c438f90):  JavaThread "C2 CompilerThread0" daemon [_thread_in_native, id=3344, stack(0x000000f1ceb00000,0x000000f1cec00000) (1024K)]


Current CompileTask:
C2:2834 1178       4       jdk.internal.classfile.impl.SplitConstantPool::internalAdd (78 bytes)

Stack: [0x000000f1ceb00000,0x000000f1cec00000]
Native frames: (J=compiled Java code, j=interpreted, Vv=VM code, C=native code)
V  [jvm.dll+0x7c0cc9]  (no source info available)
V  [jvm.dll+0x78a49d]  (no source info available)
V  [jvm.dll+0xa0e693]  (no source info available)
V  [jvm.dll+0xa10e8c]  (no source info available)
V  [jvm.dll+0xa11583]  (no source info available)
V  [jvm.dll+0x307b46]  (no source info available)
V  [jvm.dll+0x114676]  (no source info available)
V  [jvm.dll+0x1149a6]  (no source info available)
V  [jvm.dll+0x1a9114]  (no source info available)
V  [jvm.dll+0x3c1102]  (no source info available)
V  [jvm.dll+0x7c6628]  (no source info available)
V  [jvm.dll+0x2c9c67]  (no source info available)
V  [jvm.dll+0x2c8bdb]  (no source info available)
V  [jvm.dll+0x240560]  (no source info available)
V  [jvm.dll+0x2d8c64]  (no source info available)
V  [jvm.dll+0x2d6e8b]  (no source info available)
V  [jvm.dll+0x49dbc5]  (no source info available)
V  [jvm.dll+0x9ae57d]  (no source info available)
V  [jvm.dll+0x7bf1e5]  (no source info available)
C  [ucrtbase.dll+0x37b0]  (no source info available)
C  [KERNEL32.DLL+0x2e8d7]  (no source info available)
C  [ntdll.dll+0x8c48c]  (no source info available)

Lock stack of current Java thread (top to bottom):


---------------  P R O C E S S  ---------------

Threads class SMR info:
_java_thread_list=0x000002efa14f3aa0, length=14, elements={
0x000002effedf1540, 0x000002ef9c417920, 0x000002ef9c41bd20, 0x000002ef9c41cb80,
0x000002ef9c41ff60, 0x000002ef9c4215a0, 0x000002ef9c4232a0, 0x000002ef9c435c80,
0x000002ef9c438f90, 0x000002ef9c4460a0, 0x000002ef9c62b4a0, 0x000002efa10e6490,
0x000002efa14f7070, 0x000002efa14be830
}

Java Threads: ( => current thread )
  0x000002effedf1540 JavaThread "main"                              [_thread_blocked, id=19724, stack(0x000000f1cdc00000,0x000000f1cdd00000) (1024K)]
  0x000002ef9c417920 JavaThread "Common-Cleaner"             daemon [_thread_blocked, id=3084, stack(0x000000f1ce400000,0x000000f1ce500000) (1024K)]
  0x000002ef9c41bd20 JavaThread "Reference Handler"          daemon [_thread_blocked, id=25304, stack(0x000000f1ce500000,0x000000f1ce600000) (1024K)]
  0x000002ef9c41cb80 JavaThread "Finalizer"                  daemon [_thread_blocked, id=23612, stack(0x000000f1ce600000,0x000000f1ce700000) (1024K)]
  0x000002ef9c41ff60 JavaThread "Signal Dispatcher"          daemon [_thread_blocked, id=14856, stack(0x000000f1ce700000,0x000000f1ce800000) (1024K)]
  0x000002ef9c4215a0 JavaThread "Attach Listener"            daemon [_thread_blocked, id=26912, stack(0x000000f1ce800000,0x000000f1ce900000) (1024K)]
  0x000002ef9c4232a0 JavaThread "Service Thread"             daemon [_thread_blocked, id=1004, stack(0x000000f1ce900000,0x000000f1cea00000) (1024K)]
  0x000002ef9c435c80 JavaThread "Monitor Deflation Thread"   daemon [_thread_blocked, id=30664, stack(0x000000f1cea00000,0x000000f1ceb00000) (1024K)]
=>0x000002ef9c438f90 JavaThread "C2 CompilerThread0"         daemon [_thread_in_native, id=3344, stack(0x000000f1ceb00000,0x000000f1cec00000) (1024K)]
  0x000002ef9c4460a0 JavaThread "C1 CompilerThread0"         daemon [_thread_blocked, id=3464, stack(0x000000f1cec00000,0x000000f1ced00000) (1024K)]
  0x000002ef9c62b4a0 JavaThread "Notification Thread"        daemon [_thread_blocked, id=19584, stack(0x000000f1ced00000,0x000000f1cee00000) (1024K)]
  0x000002efa10e6490 JavaThread "HttpClient-1-SelectorManager" daemon [_thread_in_native, id=15128, stack(0x000000f1cef00000,0x000000f1cf000000) (1024K)]
  0x000002efa14f7070 JavaThread "HttpClient-1-Worker-0"      daemon [_thread_blocked, id=25984, stack(0x000000f1cf100000,0x000000f1cf200000) (1024K)]
  0x000002efa14be830 JavaThread "HttpClient-1-Worker-1"      daemon [_thread_blocked, id=28560, stack(0x000000f1cf200000,0x000000f1cf300000) (1024K)]
Total: 14

Other Threads:
  0x000002ef9c406010 VMThread "VM Thread"                           [id=21384, stack(0x000000f1ce300000,0x000000f1ce400000) (1024K)]
  0x000002ef9c3f1b40 WatcherThread "VM Periodic Task Thread"        [id=9964, stack(0x000000f1ce200000,0x000000f1ce300000) (1024K)]
  0x000002efffeea9c0 WorkerThread "GC Thread#0"                     [id=17988, stack(0x000000f1cdd00000,0x000000f1cde00000) (1024K)]
  0x000002effff03810 ConcurrentGCThread "G1 Main Marker"            [id=8420, stack(0x000000f1cde00000,0x000000f1cdf00000) (1024K)]
  0x000002effff06210 WorkerThread "G1 Conc#0"                       [id=26280, stack(0x000000f1cdf00000,0x000000f1ce000000) (1024K)]
  0x000002effff3ea40 ConcurrentGCThread "G1 Refine#0"               [id=6564, stack(0x000000f1ce000000,0x000000f1ce100000) (1024K)]
  0x000002ef9c2bd7e0 ConcurrentGCThread "G1 Service"                [id=13608, stack(0x000000f1ce100000,0x000000f1ce200000) (1024K)]
Total: 7

Threads with active compile tasks:
C2 CompilerThread0  2978 1178       4       jdk.internal.classfile.impl.SplitConstantPool::internalAdd (78 bytes)
Total: 1

VM state: not at safepoint (normal execution)

VM Mutex/Monitor currently owned by a thread: None

Heap address: 0x0000000701a00000, size: 4070 MB, Compressed Oops mode: Zero based, Oop shift amount: 3

CDS archive(s) mapped at: [0x000000000d000000-0x000000000ecd0000-0x000000000ecd0000), size 30212096, SharedBaseAddress: 0x000000000d000000, ArchiveRelocationMode: 1.
Compressed class space mapped at: 0x000000000f000000-0x000000004f000000, reserved size: 1073741824
UseCompressedClassPointers 1, UseCompactObjectHeaders 0
Narrow klass pointer bits 32, Max shift 3
Narrow klass base: 0x000000000d000000, Narrow klass shift: 0
Encoding Range: [0x000000000d000000 - 0x000000010d000000), (4294967296 bytes)
Klass Range:    [0x000000000d010000 - 0x000000004f000000), (1107230720 bytes)
Klass ID Range:  [65536 - 1107296249) (1107230713)
Protection zone: [0x000000000d000000 - 0x000000000d010000), (65536 bytes)

GC Precious Log:
 CardTable entry size: 512
 Card Set container configuration: InlinePtr #cards 4 size 8 Array Of Cards #cards 16 size 48 Howl #buckets 8 coarsen threshold 3686 Howl Bitmap #cards 512 size 80 coarsen threshold 460 Card regions per heap region 1 cards per card region 4096
 CPUs: 8 total, 8 available
 Memory: 16274M
 Large Page Support: Disabled
 NUMA Support: Disabled
 Compressed Oops: Enabled (Zero based)
 Heap Region Size: 2M
 Heap Min Capacity: 8M
 Heap Initial Capacity: 256M
 Heap Max Capacity: 4070M
 Pre-touch: Disabled
 Parallel Workers: 8
 Concurrent Workers: 2
 Concurrent Refinement Workers: 8
 Periodic GC: Disabled

Heap:
 garbage-first heap   total reserved 4167680K, committed 266240K, used 16644K [0x0000000701a00000, 0x0000000800000000)
  region size 2048K, 8 young (16384K), 0 survivors (0K)

Heap Regions: E=young(eden), S=young(survivor), O=old, HS=humongous(starts), HC=humongous(continues), CS=collection set, F=free, TAMS=top-at-mark-start, PB=parsable bottom
|   0|0x0000000701a00000, 0x0000000701a00000, 0x0000000701c00000|  0%| F|  |TAMS 0x0000000701a00000| PB 0x0000000701a00000| Untracked |  0
|   1|0x0000000701c00000, 0x0000000701c00000, 0x0000000701e00000|  0%| F|  |TAMS 0x0000000701c00000| PB 0x0000000701c00000| Untracked |  0
|   2|0x0000000701e00000, 0x0000000701e00000, 0x0000000702000000|  0%| F|  |TAMS 0x0000000701e00000| PB 0x0000000701e00000| Untracked |  0
|   3|0x0000000702000000, 0x0000000702000000, 0x0000000702200000|  0%| F|  |TAMS 0x0000000702000000| PB 0x0000000702000000| Untracked |  0
|   4|0x0000000702200000, 0x0000000702200000, 0x0000000702400000|  0%| F|  |TAMS 0x0000000702200000| PB 0x0000000702200000| Untracked |  0
|   5|0x0000000702400000, 0x0000000702400000, 0x0000000702600000|  0%| F|  |TAMS 0x0000000702400000| PB 0x0000000702400000| Untracked |  0
|   6|0x0000000702600000, 0x0000000702600000, 0x0000000702800000|  0%| F|  |TAMS 0x0000000702600000| PB 0x0000000702600000| Untracked |  0
|   7|0x0000000702800000, 0x0000000702800000, 0x0000000702a00000|  0%| F|  |TAMS 0x0000000702800000| PB 0x0000000702800000| Untracked |  0
|   8|0x0000000702a00000, 0x0000000702a00000, 0x0000000702c00000|  0%| F|  |TAMS 0x0000000702a00000| PB 0x0000000702a00000| Untracked |  0
|   9|0x0000000702c00000, 0x0000000702c00000, 0x0000000702e00000|  0%| F|  |TAMS 0x0000000702c00000| PB 0x0000000702c00000| Untracked |  0
|  10|0x0000000702e00000, 0x0000000702e00000, 0x0000000703000000|  0%| F|  |TAMS 0x0000000702e00000| PB 0x0000000702e00000| Untracked |  0
|  11|0x0000000703000000, 0x0000000703000000, 0x0000000703200000|  0%| F|  |TAMS 0x0000000703000000| PB 0x0000000703000000| Untracked |  0
|  12|0x0000000703200000, 0x0000000703200000, 0x0000000703400000|  0%| F|  |TAMS 0x0000000703200000| PB 0x0000000703200000| Untracked |  0
|  13|0x0000000703400000, 0x0000000703400000, 0x0000000703600000|  0%| F|  |TAMS 0x0000000703400000| PB 0x0000000703400000| Untracked |  0
|  14|0x0000000703600000, 0x0000000703600000, 0x0000000703800000|  0%| F|  |TAMS 0x0000000703600000| PB 0x0000000703600000| Untracked |  0
|  15|0x0000000703800000, 0x0000000703800000, 0x0000000703a00000|  0%| F|  |TAMS 0x0000000703800000| PB 0x0000000703800000| Untracked |  0
|  16|0x0000000703a00000, 0x0000000703a00000, 0x0000000703c00000|  0%| F|  |TAMS 0x0000000703a00000| PB 0x0000000703a00000| Untracked |  0
|  17|0x0000000703c00000, 0x0000000703c00000, 0x0000000703e00000|  0%| F|  |TAMS 0x0000000703c00000| PB 0x0000000703c00000| Untracked |  0
|  18|0x0000000703e00000, 0x0000000703e00000, 0x0000000704000000|  0%| F|  |TAMS 0x0000000703e00000| PB 0x0000000703e00000| Untracked |  0
|  19|0x0000000704000000, 0x0000000704000000, 0x0000000704200000|  0%| F|  |TAMS 0x0000000704000000| PB 0x0000000704000000| Untracked |  0
|  20|0x0000000704200000, 0x0000000704200000, 0x0000000704400000|  0%| F|  |TAMS 0x0000000704200000| PB 0x0000000704200000| Untracked |  0
|  21|0x0000000704400000, 0x0000000704400000, 0x0000000704600000|  0%| F|  |TAMS 0x0000000704400000| PB 0x0000000704400000| Untracked |  0
|  22|0x0000000704600000, 0x0000000704600000, 0x0000000704800000|  0%| F|  |TAMS 0x0000000704600000| PB 0x0000000704600000| Untracked |  0
|  23|0x0000000704800000, 0x0000000704800000, 0x0000000704a00000|  0%| F|  |TAMS 0x0000000704800000| PB 0x0000000704800000| Untracked |  0
|  24|0x0000000704a00000, 0x0000000704a00000, 0x0000000704c00000|  0%| F|  |TAMS 0x0000000704a00000| PB 0x0000000704a00000| Untracked |  0
|  25|0x0000000704c00000, 0x0000000704c00000, 0x0000000704e00000|  0%| F|  |TAMS 0x0000000704c00000| PB 0x0000000704c00000| Untracked |  0
|  26|0x0000000704e00000, 0x0000000704e00000, 0x0000000705000000|  0%| F|  |TAMS 0x0000000704e00000| PB 0x0000000704e00000| Untracked |  0
|  27|0x0000000705000000, 0x0000000705000000, 0x0000000705200000|  0%| F|  |TAMS 0x0000000705000000| PB 0x0000000705000000| Untracked |  0
|  28|0x0000000705200000, 0x0000000705200000, 0x0000000705400000|  0%| F|  |TAMS 0x0000000705200000| PB 0x0000000705200000| Untracked |  0
|  29|0x0000000705400000, 0x0000000705400000, 0x0000000705600000|  0%| F|  |TAMS 0x0000000705400000| PB 0x0000000705400000| Untracked |  0
|  30|0x0000000705600000, 0x0000000705600000, 0x0000000705800000|  0%| F|  |TAMS 0x0000000705600000| PB 0x0000000705600000| Untracked |  0
|  31|0x0000000705800000, 0x0000000705800000, 0x0000000705a00000|  0%| F|  |TAMS 0x0000000705800000| PB 0x0000000705800000| Untracked |  0
|  32|0x0000000705a00000, 0x0000000705a00000, 0x0000000705c00000|  0%| F|  |TAMS 0x0000000705a00000| PB 0x0000000705a00000| Untracked |  0
|  33|0x0000000705c00000, 0x0000000705c00000, 0x0000000705e00000|  0%| F|  |TAMS 0x0000000705c00000| PB 0x0000000705c00000| Untracked |  0
|  34|0x0000000705e00000, 0x0000000705e00000, 0x0000000706000000|  0%| F|  |TAMS 0x0000000705e00000| PB 0x0000000705e00000| Untracked |  0
|  35|0x0000000706000000, 0x0000000706000000, 0x0000000706200000|  0%| F|  |TAMS 0x0000000706000000| PB 0x0000000706000000| Untracked |  0
|  36|0x0000000706200000, 0x0000000706200000, 0x0000000706400000|  0%| F|  |TAMS 0x0000000706200000| PB 0x0000000706200000| Untracked |  0
|  37|0x0000000706400000, 0x0000000706400000, 0x0000000706600000|  0%| F|  |TAMS 0x0000000706400000| PB 0x0000000706400000| Untracked |  0
|  38|0x0000000706600000, 0x0000000706600000, 0x0000000706800000|  0%| F|  |TAMS 0x0000000706600000| PB 0x0000000706600000| Untracked |  0
|  39|0x0000000706800000, 0x0000000706800000, 0x0000000706a00000|  0%| F|  |TAMS 0x0000000706800000| PB 0x0000000706800000| Untracked |  0
|  40|0x0000000706a00000, 0x0000000706a00000, 0x0000000706c00000|  0%| F|  |TAMS 0x0000000706a00000| PB 0x0000000706a00000| Untracked |  0
|  41|0x0000000706c00000, 0x0000000706c00000, 0x0000000706e00000|  0%| F|  |TAMS 0x0000000706c00000| PB 0x0000000706c00000| Untracked |  0
|  42|0x0000000706e00000, 0x0000000706e00000, 0x0000000707000000|  0%| F|  |TAMS 0x0000000706e00000| PB 0x0000000706e00000| Untracked |  0
|  43|0x0000000707000000, 0x0000000707000000, 0x0000000707200000|  0%| F|  |TAMS 0x0000000707000000| PB 0x0000000707000000| Untracked |  0
|  44|0x0000000707200000, 0x0000000707200000, 0x0000000707400000|  0%| F|  |TAMS 0x0000000707200000| PB 0x0000000707200000| Untracked |  0
|  45|0x0000000707400000, 0x0000000707400000, 0x0000000707600000|  0%| F|  |TAMS 0x0000000707400000| PB 0x0000000707400000| Untracked |  0
|  46|0x0000000707600000, 0x0000000707600000, 0x0000000707800000|  0%| F|  |TAMS 0x0000000707600000| PB 0x0000000707600000| Untracked |  0
|  47|0x0000000707800000, 0x0000000707800000, 0x0000000707a00000|  0%| F|  |TAMS 0x0000000707800000| PB 0x0000000707800000| Untracked |  0
|  48|0x0000000707a00000, 0x0000000707a00000, 0x0000000707c00000|  0%| F|  |TAMS 0x0000000707a00000| PB 0x0000000707a00000| Untracked |  0
|  49|0x0000000707c00000, 0x0000000707c00000, 0x0000000707e00000|  0%| F|  |TAMS 0x0000000707c00000| PB 0x0000000707c00000| Untracked |  0
|  50|0x0000000707e00000, 0x0000000707e00000, 0x0000000708000000|  0%| F|  |TAMS 0x0000000707e00000| PB 0x0000000707e00000| Untracked |  0
|  51|0x0000000708000000, 0x0000000708000000, 0x0000000708200000|  0%| F|  |TAMS 0x0000000708000000| PB 0x0000000708000000| Untracked |  0
|  52|0x0000000708200000, 0x0000000708200000, 0x0000000708400000|  0%| F|  |TAMS 0x0000000708200000| PB 0x0000000708200000| Untracked |  0
|  53|0x0000000708400000, 0x0000000708400000, 0x0000000708600000|  0%| F|  |TAMS 0x0000000708400000| PB 0x0000000708400000| Untracked |  0
|  54|0x0000000708600000, 0x0000000708600000, 0x0000000708800000|  0%| F|  |TAMS 0x0000000708600000| PB 0x0000000708600000| Untracked |  0
|  55|0x0000000708800000, 0x0000000708800000, 0x0000000708a00000|  0%| F|  |TAMS 0x0000000708800000| PB 0x0000000708800000| Untracked |  0
|  56|0x0000000708a00000, 0x0000000708a00000, 0x0000000708c00000|  0%| F|  |TAMS 0x0000000708a00000| PB 0x0000000708a00000| Untracked |  0
|  57|0x0000000708c00000, 0x0000000708c00000, 0x0000000708e00000|  0%| F|  |TAMS 0x0000000708c00000| PB 0x0000000708c00000| Untracked |  0
|  58|0x0000000708e00000, 0x0000000708e00000, 0x0000000709000000|  0%| F|  |TAMS 0x0000000708e00000| PB 0x0000000708e00000| Untracked |  0
|  59|0x0000000709000000, 0x0000000709000000, 0x0000000709200000|  0%| F|  |TAMS 0x0000000709000000| PB 0x0000000709000000| Untracked |  0
|  60|0x0000000709200000, 0x0000000709200000, 0x0000000709400000|  0%| F|  |TAMS 0x0000000709200000| PB 0x0000000709200000| Untracked |  0
|  61|0x0000000709400000, 0x0000000709400000, 0x0000000709600000|  0%| F|  |TAMS 0x0000000709400000| PB 0x0000000709400000| Untracked |  0
|  62|0x0000000709600000, 0x0000000709600000, 0x0000000709800000|  0%| F|  |TAMS 0x0000000709600000| PB 0x0000000709600000| Untracked |  0
|  63|0x0000000709800000, 0x0000000709800000, 0x0000000709a00000|  0%| F|  |TAMS 0x0000000709800000| PB 0x0000000709800000| Untracked |  0
|  64|0x0000000709a00000, 0x0000000709a00000, 0x0000000709c00000|  0%| F|  |TAMS 0x0000000709a00000| PB 0x0000000709a00000| Untracked |  0
|  65|0x0000000709c00000, 0x0000000709c00000, 0x0000000709e00000|  0%| F|  |TAMS 0x0000000709c00000| PB 0x0000000709c00000| Untracked |  0
|  66|0x0000000709e00000, 0x0000000709e00000, 0x000000070a000000|  0%| F|  |TAMS 0x0000000709e00000| PB 0x0000000709e00000| Untracked |  0
|  67|0x000000070a000000, 0x000000070a000000, 0x000000070a200000|  0%| F|  |TAMS 0x000000070a000000| PB 0x000000070a000000| Untracked |  0
|  68|0x000000070a200000, 0x000000070a200000, 0x000000070a400000|  0%| F|  |TAMS 0x000000070a200000| PB 0x000000070a200000| Untracked |  0
|  69|0x000000070a400000, 0x000000070a400000, 0x000000070a600000|  0%| F|  |TAMS 0x000000070a400000| PB 0x000000070a400000| Untracked |  0
|  70|0x000000070a600000, 0x000000070a600000, 0x000000070a800000|  0%| F|  |TAMS 0x000000070a600000| PB 0x000000070a600000| Untracked |  0
|  71|0x000000070a800000, 0x000000070a800000, 0x000000070aa00000|  0%| F|  |TAMS 0x000000070a800000| PB 0x000000070a800000| Untracked |  0
|  72|0x000000070aa00000, 0x000000070aa00000, 0x000000070ac00000|  0%| F|  |TAMS 0x000000070aa00000| PB 0x000000070aa00000| Untracked |  0
|  73|0x000000070ac00000, 0x000000070ac00000, 0x000000070ae00000|  0%| F|  |TAMS 0x000000070ac00000| PB 0x000000070ac00000| Untracked |  0
|  74|0x000000070ae00000, 0x000000070ae00000, 0x000000070b000000|  0%| F|  |TAMS 0x000000070ae00000| PB 0x000000070ae00000| Untracked |  0
|  75|0x000000070b000000, 0x000000070b000000, 0x000000070b200000|  0%| F|  |TAMS 0x000000070b000000| PB 0x000000070b000000| Untracked |  0
|  76|0x000000070b200000, 0x000000070b200000, 0x000000070b400000|  0%| F|  |TAMS 0x000000070b200000| PB 0x000000070b200000| Untracked |  0
|  77|0x000000070b400000, 0x000000070b400000, 0x000000070b600000|  0%| F|  |TAMS 0x000000070b400000| PB 0x000000070b400000| Untracked |  0
|  78|0x000000070b600000, 0x000000070b600000, 0x000000070b800000|  0%| F|  |TAMS 0x000000070b600000| PB 0x000000070b600000| Untracked |  0
|  79|0x000000070b800000, 0x000000070b800000, 0x000000070ba00000|  0%| F|  |TAMS 0x000000070b800000| PB 0x000000070b800000| Untracked |  0
|  80|0x000000070ba00000, 0x000000070ba00000, 0x000000070bc00000|  0%| F|  |TAMS 0x000000070ba00000| PB 0x000000070ba00000| Untracked |  0
|  81|0x000000070bc00000, 0x000000070bc00000, 0x000000070be00000|  0%| F|  |TAMS 0x000000070bc00000| PB 0x000000070bc00000| Untracked |  0
|  82|0x000000070be00000, 0x000000070be00000, 0x000000070c000000|  0%| F|  |TAMS 0x000000070be00000| PB 0x000000070be00000| Untracked |  0
|  83|0x000000070c000000, 0x000000070c000000, 0x000000070c200000|  0%| F|  |TAMS 0x000000070c000000| PB 0x000000070c000000| Untracked |  0
|  84|0x000000070c200000, 0x000000070c200000, 0x000000070c400000|  0%| F|  |TAMS 0x000000070c200000| PB 0x000000070c200000| Untracked |  0
|  85|0x000000070c400000, 0x000000070c400000, 0x000000070c600000|  0%| F|  |TAMS 0x000000070c400000| PB 0x000000070c400000| Untracked |  0
|  86|0x000000070c600000, 0x000000070c600000, 0x000000070c800000|  0%| F|  |TAMS 0x000000070c600000| PB 0x000000070c600000| Untracked |  0
|  87|0x000000070c800000, 0x000000070c800000, 0x000000070ca00000|  0%| F|  |TAMS 0x000000070c800000| PB 0x000000070c800000| Untracked |  0
|  88|0x000000070ca00000, 0x000000070ca00000, 0x000000070cc00000|  0%| F|  |TAMS 0x000000070ca00000| PB 0x000000070ca00000| Untracked |  0
|  89|0x000000070cc00000, 0x000000070cc00000, 0x000000070ce00000|  0%| F|  |TAMS 0x000000070cc00000| PB 0x000000070cc00000| Untracked |  0
|  90|0x000000070ce00000, 0x000000070ce00000, 0x000000070d000000|  0%| F|  |TAMS 0x000000070ce00000| PB 0x000000070ce00000| Untracked |  0
|  91|0x000000070d000000, 0x000000070d000000, 0x000000070d200000|  0%| F|  |TAMS 0x000000070d000000| PB 0x000000070d000000| Untracked |  0
|  92|0x000000070d200000, 0x000000070d200000, 0x000000070d400000|  0%| F|  |TAMS 0x000000070d200000| PB 0x000000070d200000| Untracked |  0
|  93|0x000000070d400000, 0x000000070d400000, 0x000000070d600000|  0%| F|  |TAMS 0x000000070d400000| PB 0x000000070d400000| Untracked |  0
|  94|0x000000070d600000, 0x000000070d600000, 0x000000070d800000|  0%| F|  |TAMS 0x000000070d600000| PB 0x000000070d600000| Untracked |  0
|  95|0x000000070d800000, 0x000000070d800000, 0x000000070da00000|  0%| F|  |TAMS 0x000000070d800000| PB 0x000000070d800000| Untracked |  0
|  96|0x000000070da00000, 0x000000070da00000, 0x000000070dc00000|  0%| F|  |TAMS 0x000000070da00000| PB 0x000000070da00000| Untracked |  0
|  97|0x000000070dc00000, 0x000000070dc00000, 0x000000070de00000|  0%| F|  |TAMS 0x000000070dc00000| PB 0x000000070dc00000| Untracked |  0
|  98|0x000000070de00000, 0x000000070de00000, 0x000000070e000000|  0%| F|  |TAMS 0x000000070de00000| PB 0x000000070de00000| Untracked |  0
|  99|0x000000070e000000, 0x000000070e000000, 0x000000070e200000|  0%| F|  |TAMS 0x000000070e000000| PB 0x000000070e000000| Untracked |  0
| 100|0x000000070e200000, 0x000000070e200000, 0x000000070e400000|  0%| F|  |TAMS 0x000000070e200000| PB 0x000000070e200000| Untracked |  0
| 101|0x000000070e400000, 0x000000070e400000, 0x000000070e600000|  0%| F|  |TAMS 0x000000070e400000| PB 0x000000070e400000| Untracked |  0
| 102|0x000000070e600000, 0x000000070e600000, 0x000000070e800000|  0%| F|  |TAMS 0x000000070e600000| PB 0x000000070e600000| Untracked |  0
| 103|0x000000070e800000, 0x000000070e800000, 0x000000070ea00000|  0%| F|  |TAMS 0x000000070e800000| PB 0x000000070e800000| Untracked |  0
| 104|0x000000070ea00000, 0x000000070ea00000, 0x000000070ec00000|  0%| F|  |TAMS 0x000000070ea00000| PB 0x000000070ea00000| Untracked |  0
| 105|0x000000070ec00000, 0x000000070ec00000, 0x000000070ee00000|  0%| F|  |TAMS 0x000000070ec00000| PB 0x000000070ec00000| Untracked |  0
| 106|0x000000070ee00000, 0x000000070ee00000, 0x000000070f000000|  0%| F|  |TAMS 0x000000070ee00000| PB 0x000000070ee00000| Untracked |  0
| 107|0x000000070f000000, 0x000000070f000000, 0x000000070f200000|  0%| F|  |TAMS 0x000000070f000000| PB 0x000000070f000000| Untracked |  0
| 108|0x000000070f200000, 0x000000070f200000, 0x000000070f400000|  0%| F|  |TAMS 0x000000070f200000| PB 0x000000070f200000| Untracked |  0
| 109|0x000000070f400000, 0x000000070f400000, 0x000000070f600000|  0%| F|  |TAMS 0x000000070f400000| PB 0x000000070f400000| Untracked |  0
| 110|0x000000070f600000, 0x000000070f600000, 0x000000070f800000|  0%| F|  |TAMS 0x000000070f600000| PB 0x000000070f600000| Untracked |  0
| 111|0x000000070f800000, 0x000000070f800000, 0x000000070fa00000|  0%| F|  |TAMS 0x000000070f800000| PB 0x000000070f800000| Untracked |  0
| 112|0x000000070fa00000, 0x000000070fa00000, 0x000000070fc00000|  0%| F|  |TAMS 0x000000070fa00000| PB 0x000000070fa00000| Untracked |  0
| 113|0x000000070fc00000, 0x000000070fc00000, 0x000000070fe00000|  0%| F|  |TAMS 0x000000070fc00000| PB 0x000000070fc00000| Untracked |  0
| 114|0x000000070fe00000, 0x000000070fe00000, 0x0000000710000000|  0%| F|  |TAMS 0x000000070fe00000| PB 0x000000070fe00000| Untracked |  0
| 115|0x0000000710000000, 0x0000000710000000, 0x0000000710200000|  0%| F|  |TAMS 0x0000000710000000| PB 0x0000000710000000| Untracked |  0
| 116|0x0000000710200000, 0x0000000710200000, 0x0000000710400000|  0%| F|  |TAMS 0x0000000710200000| PB 0x0000000710200000| Untracked |  0
| 117|0x0000000710400000, 0x0000000710400000, 0x0000000710600000|  0%| F|  |TAMS 0x0000000710400000| PB 0x0000000710400000| Untracked |  0
| 118|0x0000000710600000, 0x0000000710600000, 0x0000000710800000|  0%| F|  |TAMS 0x0000000710600000| PB 0x0000000710600000| Untracked |  0
| 119|0x0000000710800000, 0x0000000710800000, 0x0000000710a00000|  0%| F|  |TAMS 0x0000000710800000| PB 0x0000000710800000| Untracked |  0
| 120|0x0000000710a00000, 0x0000000710bf0870, 0x0000000710c00000| 96%| E|  |TAMS 0x0000000710a00000| PB 0x0000000710a00000| Complete |  0
| 121|0x0000000710c00000, 0x0000000710e00000, 0x0000000710e00000|100%| E|CS|TAMS 0x0000000710c00000| PB 0x0000000710c00000| Complete |  0
| 122|0x0000000710e00000, 0x0000000711000000, 0x0000000711000000|100%| E|CS|TAMS 0x0000000710e00000| PB 0x0000000710e00000| Complete |  0
| 123|0x0000000711000000, 0x0000000711200000, 0x0000000711200000|100%| E|CS|TAMS 0x0000000711000000| PB 0x0000000711000000| Complete |  0
| 124|0x0000000711200000, 0x0000000711400000, 0x0000000711400000|100%| E|CS|TAMS 0x0000000711200000| PB 0x0000000711200000| Complete |  0
| 125|0x0000000711400000, 0x0000000711600000, 0x0000000711600000|100%| E|CS|TAMS 0x0000000711400000| PB 0x0000000711400000| Complete |  0
| 126|0x0000000711600000, 0x0000000711800000, 0x0000000711800000|100%| E|CS|TAMS 0x0000000711600000| PB 0x0000000711600000| Complete |  0
| 127|0x0000000711800000, 0x0000000711a00000, 0x0000000711a00000|100%| E|CS|TAMS 0x0000000711800000| PB 0x0000000711800000| Complete |  0
|2033|0x00000007ffc00000, 0x00000007ffe00000, 0x00000007ffe00000|100%| O|  |TAMS 0x00000007ffc00000| PB 0x00000007ffc00000| Untracked |  0
|2034|0x00000007ffe00000, 0x00000007ffe41038, 0x0000000800000000| 12%| O|  |TAMS 0x00000007ffe00000| PB 0x00000007ffe00000| Untracked |  0

Card table byte_map: [0x000002ef95280000,0x000002ef95a80000] _byte_map_base: 0x000002ef91a73000

Marking Bits: (CMBitMap*) 0x000002efffeeb150
 Bits: [0x000002ef95a80000, 0x000002ef99a18000)

Polling page: 0x000002efff0b0000

Metaspace:
Metaspace        used 3467K, committed 3712K, reserved 1114112K
 class space     used 416K, committed 512K, reserved 1048576K

Usage:
  Non-class:      2.98 MB used.
      Class:    416.53 KB used.
       Both:      3.39 MB used.

Virtual space:
  Non-class space:       64.00 MB reserved,       3.12 MB (  5%) committed,  1 nodes.
      Class space:        1.00 GB reserved,     512.00 KB ( <1%) committed,  1 nodes.
             Both:        1.06 GB reserved,       3.62 MB ( <1%) committed. 

Chunk freelists:
   Non-Class:  10.43 MB
       Class:  15.45 MB
        Both:  25.88 MB

MaxMetaspaceSize: unlimited
CompressedClassSpaceSize: 1.00 GB
Initial GC threshold: 21.00 MB
Current GC threshold: 21.00 MB
CDS: on
 - commit_granule_bytes: 65536.
 - commit_granule_words: 8192.
 - virtual_space_node_default_size: 8388608.
 - enlarge_chunks_in_place: 1.
UseCompressedClassPointers 1, UseCompactObjectHeaders 0
Narrow klass pointer bits 32, Max shift 3
Narrow klass base: 0x000000000d000000, Narrow klass shift: 0
Encoding Range: [0x000000000d000000 - 0x000000010d000000), (4294967296 bytes)
Klass Range:    [0x000000000d010000 - 0x000000004f000000), (1107230720 bytes)
Klass ID Range:  [65536 - 1107296249) (1107230713)
Protection zone: [0x000000000d000000 - 0x000000000d010000), (65536 bytes)


Internal statistics:

num_allocs_failed_limit: 0.
num_arena_births: 106.
num_arena_deaths: 0.
num_vsnodes_births: 2.
num_vsnodes_deaths: 0.
num_space_committed: 58.
num_space_uncommitted: 0.
num_chunks_returned_to_freelist: 0.
num_chunks_taken_from_freelist: 226.
num_chunk_merges: 0.
num_chunk_splits: 139.
num_chunks_enlarged: 84.
num_inconsistent_stats: 0.

CodeHeap 'non-profiled nmethods': size=120064Kb used=372Kb max_used=372Kb free=119691Kb
 bounds [0x000002ef8d210000, 0x000002ef8d480000, 0x000002ef94750000]
CodeHeap 'profiled nmethods': size=120000Kb used=1599Kb max_used=1599Kb free=118400Kb
 bounds [0x000002ef85750000, 0x000002ef859c0000, 0x000002ef8cc80000]
CodeHeap 'non-nmethods': size=5696Kb used=1410Kb max_used=1457Kb free=4285Kb
 bounds [0x000002ef8cc80000, 0x000002ef8cef0000, 0x000002ef8d210000]
CodeCache: size=245760Kb, used=3381Kb, max_used=3428Kb, free=242376Kb
 total_blobs=1736, nmethods=1205, adapters=434, full_count=0
Compilation: enabled, stopped_count=0, restarted_count=0

Compilation events (20 events):
Event: 2.811 Thread 0x000002ef9c438f90 1176       4       jdk.internal.util.ReferencedKeyMap::removeStaleReferences (30 bytes)
Event: 2.812 Thread 0x000002ef9c4460a0 nmethod 1175 0x000002ef858d3e08 code [0x000002ef858d3f00, 0x000002ef858d4548]
Event: 2.813 Thread 0x000002ef9c438f90 nmethod 1176 0x000002ef8d26bb08 code [0x000002ef8d26bc00, 0x000002ef8d26bcb8]
Event: 2.813 Thread 0x000002ef9c438f90 1178       4       jdk.internal.classfile.impl.SplitConstantPool::internalAdd (78 bytes)
Event: 2.816 Thread 0x000002ef9c4460a0 1179       3       jdk.internal.misc.Unsafe::copyMemory (33 bytes)
Event: 2.818 Thread 0x000002ef9c4460a0 nmethod 1179 0x000002ef858d4588 code [0x000002ef858d4680, 0x000002ef858d5430]
Event: 2.818 Thread 0x000002ef9c4460a0 1180       3       jdk.internal.misc.Unsafe::copyMemoryChecks (21 bytes)
Event: 2.819 Thread 0x000002ef9c4460a0 nmethod 1180 0x000002ef858d5488 code [0x000002ef858d5580, 0x000002ef858d6338]
Event: 2.820 Thread 0x000002ef9c4460a0 1181       3       sun.invoke.util.Wrapper::isSubwordOrInt (20 bytes)
Event: 2.820 Thread 0x000002ef9c4460a0 nmethod 1181 0x000002ef858d6388 code [0x000002ef858d6480, 0x000002ef858d69a0]
Event: 2.820 Thread 0x000002ef9c4460a0 1182       3       sun.invoke.util.Wrapper::isIntegral (23 bytes)
Event: 2.820 Thread 0x000002ef9c4460a0 nmethod 1182 0x000002ef858d6a08 code [0x000002ef858d6b00, 0x000002ef858d6db0]
Event: 2.820 Thread 0x000002ef9c4460a0 1183       3       sun.invoke.util.Wrapper::isNumeric (16 bytes)
Event: 2.820 Thread 0x000002ef9c4460a0 nmethod 1183 0x000002ef858d6e08 code [0x000002ef858d6f00, 0x000002ef858d7058]
Event: 2.822 Thread 0x000002ef9c4460a0 1186       3       java.lang.classfile.TypeKind::from (25 bytes)
Event: 2.823 Thread 0x000002ef9c4460a0 nmethod 1186 0x000002ef858d7108 code [0x000002ef858d7200, 0x000002ef858d7518]
Event: 2.826 Thread 0x000002ef9c4460a0 1188       3       jdk.internal.classfile.impl.BufWriterImpl::writeU1U1 (39 bytes)
Event: 2.827 Thread 0x000002ef9c4460a0 nmethod 1188 0x000002ef858d7588 code [0x000002ef858d7680, 0x000002ef858d7960]
Event: 2.830 Thread 0x000002ef9c4460a0 1191   !   3       java.lang.invoke.MethodHandleNatives::linkMethodHandleConstant (50 bytes)
Event: 2.831 Thread 0x000002ef9c4460a0 nmethod 1191 0x000002ef858d7988 code [0x000002ef858d7a80, 0x000002ef858d7d78]

GC Heap Usage History (0 events):
No events

Metaspace Usage History (0 events):
No events

Dll operation events (2 events):
Event: 0.032 Loaded shared library C:\Program Files\JetBrains\PyCharm 2026.1.2\jbr\bin\java.dll
Event: 0.214 Loaded shared library C:\Program Files\JetBrains\PyCharm 2026.1.2\jbr\bin\zip.dll

Deoptimization events (20 events):
Event: 0.951 Thread 0x000002efa14f7070 Uncommon trap: trap_request=0xffffffc6 fr.pc=0x000002ef8d257ab8 relative=0x0000000000000138
Event: 0.951 Thread 0x000002efa14f7070 Uncommon trap: reason=bimorphic_or_optimized_type_check action=maybe_recompile pc=0x000002ef8d257ab8 method=sun.security.util.math.intpoly.IntegerPolynomial$MutableElement.setSquare()Lsun/security/util/math/intpoly/IntegerPolynomial$MutableElement; @ 42 c
Event: 0.951 Thread 0x000002efa14f7070 DEOPT PACKING pc=0x000002ef8d257ab8 sp=0x000000f1cf1fe320
Event: 0.951 Thread 0x000002efa14f7070 DEOPT UNPACKING pc=0x000002ef8cd9ff82 sp=0x000000f1cf1fe2b0 mode 2
Event: 1.098 Thread 0x000002efa14f7070 Uncommon trap: trap_request=0xffffffd6 fr.pc=0x000002ef8d2649c4 relative=0x00000000000006a4
Event: 1.098 Thread 0x000002efa14f7070 Uncommon trap: reason=array_check action=maybe_recompile pc=0x000002ef8d2649c4 method=jdk.internal.classfile.impl.SplitConstantPool.internalAdd(Ljava/lang/classfile/constantpool/PoolEntry;I)Ljava/lang/classfile/constantpool/PoolEntry; @ 46 c2
Event: 1.098 Thread 0x000002efa14f7070 DEOPT PACKING pc=0x000002ef8d2649c4 sp=0x000000f1cf1fd510
Event: 1.098 Thread 0x000002efa14f7070 DEOPT UNPACKING pc=0x000002ef8cd9ff82 sp=0x000000f1cf1fd4a0 mode 2
Event: 1.098 Thread 0x000002efa14f7070 Uncommon trap: trap_request=0xffffffd6 fr.pc=0x000002ef8d2649c4 relative=0x00000000000006a4
Event: 1.098 Thread 0x000002efa14f7070 Uncommon trap: reason=array_check action=maybe_recompile pc=0x000002ef8d2649c4 method=jdk.internal.classfile.impl.SplitConstantPool.internalAdd(Ljava/lang/classfile/constantpool/PoolEntry;I)Ljava/lang/classfile/constantpool/PoolEntry; @ 46 c2
Event: 1.098 Thread 0x000002efa14f7070 DEOPT PACKING pc=0x000002ef8d2649c4 sp=0x000000f1cf1fd510
Event: 1.098 Thread 0x000002efa14f7070 DEOPT UNPACKING pc=0x000002ef8cd9ff82 sp=0x000000f1cf1fd4a0 mode 2
Event: 1.098 Thread 0x000002efa14f7070 Uncommon trap: trap_request=0xffffffd6 fr.pc=0x000002ef8d2649c4 relative=0x00000000000006a4
Event: 1.098 Thread 0x000002efa14f7070 Uncommon trap: reason=array_check action=maybe_recompile pc=0x000002ef8d2649c4 method=jdk.internal.classfile.impl.SplitConstantPool.internalAdd(Ljava/lang/classfile/constantpool/PoolEntry;I)Ljava/lang/classfile/constantpool/PoolEntry; @ 46 c2
Event: 1.098 Thread 0x000002efa14f7070 DEOPT PACKING pc=0x000002ef8d2649c4 sp=0x000000f1cf1fd370
Event: 1.098 Thread 0x000002efa14f7070 DEOPT UNPACKING pc=0x000002ef8cd9ff82 sp=0x000000f1cf1fd300 mode 2
Event: 1.098 Thread 0x000002efa14f7070 Uncommon trap: trap_request=0xffffffd6 fr.pc=0x000002ef8d2649c4 relative=0x00000000000006a4
Event: 1.098 Thread 0x000002efa14f7070 Uncommon trap: reason=array_check action=maybe_recompile pc=0x000002ef8d2649c4 method=jdk.internal.classfile.impl.SplitConstantPool.internalAdd(Ljava/lang/classfile/constantpool/PoolEntry;I)Ljava/lang/classfile/constantpool/PoolEntry; @ 46 c2
Event: 1.098 Thread 0x000002efa14f7070 DEOPT PACKING pc=0x000002ef8d2649c4 sp=0x000000f1cf1fd370
Event: 1.098 Thread 0x000002efa14f7070 DEOPT UNPACKING pc=0x000002ef8cd9ff82 sp=0x000000f1cf1fd300 mode 2

Classes loaded (20 events):
Event: 0.891 Loading class com/sun/crypto/provider/HKDFKeyDerivation$SupportedHmac
Event: 0.891 Loading class com/sun/crypto/provider/HKDFKeyDerivation$SupportedHmac done
Event: 0.891 Loading class javax/crypto/KDF$Delegate
Event: 0.892 Loading class javax/crypto/KDF$Delegate done
Event: 0.892 Loading class javax/crypto/spec/HKDFParameterSpec
Event: 0.892 Loading class javax/crypto/spec/HKDFParameterSpec done
Event: 0.892 Loading class javax/crypto/spec/HKDFParameterSpec$Builder
Event: 0.892 Loading class javax/crypto/spec/HKDFParameterSpec$Builder done
Event: 0.892 Loading class javax/crypto/spec/HKDFParameterSpec$Extract
Event: 0.892 Loading class javax/crypto/spec/HKDFParameterSpec$Extract done
Event: 0.904 Loading class javax/crypto/spec/HKDFParameterSpec$Expand
Event: 0.904 Loading class javax/crypto/spec/HKDFParameterSpec$Expand done
Event: 0.927 Loading class com/sun/crypto/provider/AEADBufferedStream
Event: 0.927 Loading class com/sun/crypto/provider/AEADBufferedStream done
Event: 0.943 Loading class jdk/internal/event/X509CertificateEvent
Event: 0.943 Loading class jdk/internal/event/X509CertificateEvent done
Event: 0.966 Loading class jdk/internal/event/TLSHandshakeEvent
Event: 0.966 Loading class jdk/internal/event/TLSHandshakeEvent done
Event: 2.804 Loading class java/net/Authenticator$RequestorType
Event: 2.806 Loading class java/net/Authenticator$RequestorType done

Classes unloaded (0 events):
No events

Classes redefined (0 events):
No events

Internal exceptions (19 events):
Event: 0.239 Thread 0x000002effedf1540 Exception <a 'sun/nio/fs/WindowsException'{0x000000071176a338}> (0x000000071176a338) 
thrown [s\src\hotspot\share\prims\jni.cpp, line 535]
Event: 0.319 Thread 0x000002effedf1540 Exception <a 'java/lang/NoSuchMethodError'{0x00000007114cd188}: 'java.lang.Object java.lang.invoke.DirectMethodHandle$Holder.invokeStaticInit(java.lang.Object, java.lang.Object, int, int, int, int)'> (0x00000007114cd188) 
thrown [s\src\hotspot\share\interpreter\linkResolver.cpp, line 815]
Event: 0.343 Thread 0x000002effedf1540 Exception <a 'java/lang/NoSuchMethodError'{0x000000071155aec8}: 'int java.lang.invoke.DirectMethodHandle$Holder.invokeSpecialIFC(java.lang.Object, java.lang.Object, java.lang.Object)'> (0x000000071155aec8) 
thrown [s\src\hotspot\share\interpreter\linkResolver.cpp, line 815]
Event: 0.373 Thread 0x000002effedf1540 Exception <a 'java/lang/NoSuchMethodError'{0x0000000711254038}: 'long java.lang.invoke.DirectMethodHandle$Holder.invokeSpecial(java.lang.Object, java.lang.Object)'> (0x0000000711254038) 
thrown [s\src\hotspot\share\interpreter\linkResolver.cpp, line 815]
Event: 0.376 Thread 0x000002effedf1540 Exception <a 'java/lang/NoSuchMethodError'{0x000000071126af48}: 'int java.lang.invoke.DirectMethodHandle$Holder.invokeStatic(java.lang.Object, java.lang.Object, java.lang.Object, java.lang.Object)'> (0x000000071126af48) 
thrown [s\src\hotspot\share\interpreter\linkResolver.cpp, line 815]
Event: 0.464 Thread 0x000002effedf1540 Exception <a 'java/lang/NoSuchMethodError'{0x00000007113b3ee0}: 'java.lang.Object java.lang.invoke.DirectMethodHandle$Holder.newInvokeSpecial(java.lang.Object, java.lang.Object, java.lang.Object, java.lang.Object, java.lang.Object)'> (0x00000007113b3ee0) 
thrown [s\src\hotspot\share\interpreter\linkResolver.cpp, line 815]
Event: 0.507 Thread 0x000002effedf1540 Exception <a 'java/lang/NoSuchMethodError'{0x00000007110aa928}: 'java.lang.Object java.lang.invoke.DirectMethodHandle$Holder.invokeSpecial(java.lang.Object, java.lang.Object, java.lang.Object, java.lang.Object, java.lang.Object, int)'> (0x00000007110aa928) 
thrown [s\src\hotspot\share\interpreter\linkResolver.cpp, line 815]
Event: 0.510 Thread 0x000002effedf1540 Exception <a 'java/lang/NoSuchMethodError'{0x00000007110bb170}: 'java.lang.Object java.lang.invoke.Invokers$Holder.linkToTargetMethod(java.lang.Object, java.lang.Object, int, java.lang.Object)'> (0x00000007110bb170) 
thrown [s\src\hotspot\share\interpreter\linkResolver.cpp, line 815]
Event: 0.522 Thread 0x000002effedf1540 Exception <a 'java/lang/NoSuchMethodError'{0x00000007110dd150}: 'void java.lang.invoke.DirectMethodHandle$Holder.invokeSpecial(java.lang.Object, java.lang.Object, java.lang.Object)'> (0x00000007110dd150) 
thrown [s\src\hotspot\share\interpreter\linkResolver.cpp, line 815]
Event: 0.547 Thread 0x000002efa10e6490 Exception <a 'java/lang/NoSuchMethodError'{0x00000007113fbca0}: 'int java.lang.invoke.DirectMethodHandle$Holder.invokeStatic(java.lang.Object, int, java.lang.Object)'> (0x00000007113fbca0) 
thrown [s\src\hotspot\share\interpreter\linkResolver.cpp, line 815]
Event: 0.551 Thread 0x000002efa10e6490 Exception <a 'java/lang/NoSuchMethodError'{0x0000000710e06888}: 'void java.lang.invoke.DirectMethodHandle$Holder.invokeStatic(java.lang.Object, java.lang.Object, int)'> (0x0000000710e06888) 
thrown [s\src\hotspot\share\interpreter\linkResolver.cpp, line 815]
Event: 0.553 Thread 0x000002efa10e6490 Exception <a 'java/lang/NoSuchMethodError'{0x0000000710e15ba8}: 'java.lang.Object java.lang.invoke.DirectMethodHandle$Holder.newInvokeSpecial(java.lang.Object, java.lang.Object, int)'> (0x0000000710e15ba8) 
thrown [s\src\hotspot\share\interpreter\linkResolver.cpp, line 815]
Event: 0.559 Thread 0x000002effedf1540 Exception <a 'java/lang/NoSuchMethodError'{0x00000007111a3060}: 'void java.lang.invoke.DirectMethodHandle$Holder.invokeSpecial(java.lang.Object, java.lang.Object, java.lang.Object, java.lang.Object, java.lang.Object)'> (0x00000007111a3060) 
thrown [s\src\hotspot\share\interpreter\linkResolver.cpp, line 815]
Event: 0.568 Thread 0x000002efa14f7070 Exception <a 'java/lang/NoSuchMethodError'{0x0000000710f07740}: 'void java.lang.invoke.DirectMethodHandle$Holder.invokeInterface(java.lang.Object, java.lang.Object, java.lang.Object)'> (0x0000000710f07740) 
thrown [s\src\hotspot\share\interpreter\linkResolver.cpp, line 815]
Event: 0.594 Thread 0x000002efa14f7070 Exception <a 'java/lang/NoSuchMethodError'{0x0000000710f93e38}: 'long java.lang.invoke.DirectMethodHandle$Holder.invokeStatic(java.lang.Object, long, long)'> (0x0000000710f93e38) 
thrown [s\src\hotspot\share\interpreter\linkResolver.cpp, line 815]
Event: 0.594 Thread 0x000002efa10e6490 Exception <a 'java/lang/NoSuchMethodError'{0x0000000710e53780}: 'long java.lang.invoke.DirectMethodHandle$Holder.invokeStatic(java.lang.Object, long, long)'> (0x0000000710e53780) 
thrown [s\src\hotspot\share\interpreter\linkResolver.cpp, line 815]
Event: 0.780 Thread 0x000002efa14f7070 Exception <a 'java/lang/NoSuchMethodError'{0x0000000710c3ac18}: 'void java.lang.invoke.DirectMethodHandle$Holder.invokeInterface(java.lang.Object, java.lang.Object)'> (0x0000000710c3ac18) 
thrown [s\src\hotspot\share\interpreter\linkResolver.cpp, line 815]
Event: 0.800 Thread 0x000002efa14f7070 Exception <a 'java/lang/NoSuchMethodError'{0x0000000710c7e500}: 'java.lang.Object java.lang.invoke.Invokers$Holder.invoke_MT(java.lang.Object, java.lang.Object, java.lang.Object, java.lang.Object, java.lang.Object, java.lang.Object)'> (0x0000000710c7e500) 
thrown [s\src\hotspot\share\interpreter\linkResolver.cpp, line 815]
Event: 0.969 Thread 0x000002efa14f7070 Exception <a 'java/lang/NoSuchMethodError'{0x0000000710d34f88}: 'void java.lang.invoke.DirectMethodHandle$Holder.invokeStatic(java.lang.Object, java.lang.Object, java.lang.Object, java.lang.Object)'> (0x0000000710d34f88) 
thrown [s\src\hotspot\share\interpreter\linkResolver.cpp, line 815]

VM Operations (4 events):
Event: 0.286 Executing non-safepoint VM operation: HandshakeAllThreads (Deoptimize)
Event: 0.286 Executing non-safepoint VM operation: HandshakeAllThreads (Deoptimize) done
Event: 2.804 Executing non-safepoint VM operation: HandshakeAllThreads (Deoptimize)
Event: 2.804 Executing non-safepoint VM operation: HandshakeAllThreads (Deoptimize) done

Memory protections (0 events):
No events

Nmethod flushes (0 events):
No events

Events (20 events):
Event: 0.118 Thread 0x000002effedf1540 Thread added: 0x000002ef9c41ff60
Event: 0.118 Thread 0x000002effedf1540 Thread added: 0x000002ef9c4215a0
Event: 0.119 Thread 0x000002effedf1540 Thread added: 0x000002ef9c4232a0
Event: 0.119 Thread 0x000002effedf1540 Thread added: 0x000002ef9c435c80
Event: 0.119 Thread 0x000002effedf1540 Thread added: 0x000002ef9c438f90
Event: 0.119 Thread 0x000002effedf1540 Thread added: 0x000002ef9c4460a0
Event: 0.129 Thread 0x000002effedf1540 Thread added: 0x000002ef9c62b4a0
Event: 0.135 Loaded shared library C:\Program Files\JetBrains\PyCharm 2026.1.2\jbr\bin\net.dll
Event: 0.139 Loaded shared library C:\Program Files\JetBrains\PyCharm 2026.1.2\jbr\bin\nio.dll
Event: 0.146 Loaded shared library C:\Program Files\JetBrains\PyCharm 2026.1.2\jbr\bin\zip.dll
Event: 0.247 Loaded shared library C:\Program Files\JetBrains\PyCharm 2026.1.2\jbr\bin\jimage.dll
Event: 0.261 Thread 0x000002ef9c4460a0 Thread added: 0x000002ef9c622ce0
Event: 0.409 Loaded shared library C:\Program Files\JetBrains\PyCharm 2026.1.2\jbr\bin\sunmscapi.dll
Event: 0.447 Loaded shared library C:\Program Files\JetBrains\PyCharm 2026.1.2\jbr\bin\extnet.dll
Event: 0.457 Thread 0x000002effedf1540 Thread added: 0x000002efa10e6490
Event: 0.562 Thread 0x000002efa10e6490 Thread added: 0x000002efa14f7070
Event: 0.597 Thread 0x000002efa10e6490 Thread added: 0x000002efa14be830
Event: 0.656 Thread 0x000002ef9c4460a0 Thread added: 0x000002ef9c624d20
Event: 0.839 Thread 0x000002ef9c624d20 Thread exited: 0x000002ef9c624d20
Event: 2.793 Thread 0x000002ef9c622ce0 Thread exited: 0x000002ef9c622ce0


Dynamic libraries:
0x00007ff70df70000 - 0x00007ff70df7a000 	C:\Program Files\JetBrains\PyCharm 2026.1.2\jbr\bin\java.exe
0x00007ffbaf740000 - 0x00007ffbaf9a7000 	C:\Windows\SYSTEM32\ntdll.dll
0x00007ffbae330000 - 0x00007ffbae3f9000 	C:\Windows\System32\KERNEL32.DLL
0x00007ffbac0b0000 - 0x00007ffbac4a1000 	C:\Windows\System32\KERNELBASE.dll
0x00007ffbac4b0000 - 0x00007ffbac5fb000 	C:\Windows\System32\ucrtbase.dll
0x00007ffb6bca0000 - 0x00007ffb6bcbe000 	C:\Program Files\JetBrains\PyCharm 2026.1.2\jbr\bin\VCRUNTIME140.dll
0x00007ffb8d2c0000 - 0x00007ffb8d2d7000 	C:\Program Files\JetBrains\PyCharm 2026.1.2\jbr\bin\jli.dll
0x00007ffbaf520000 - 0x00007ffbaf6e5000 	C:\Windows\System32\USER32.dll
0x00007ffb94f20000 - 0x00007ffb951b3000 	C:\Windows\WinSxS\amd64_microsoft.windows.common-controls_6595b64144ccf1df_6.0.26100.8037_none_3e092faae333b53b\COMCTL32.dll
0x00007ffbac820000 - 0x00007ffbac847000 	C:\Windows\System32\win32u.dll
0x00007ffbae400000 - 0x00007ffbae4a9000 	C:\Windows\System32\msvcrt.dll
0x00007ffbadde0000 - 0x00007ffbade0b000 	C:\Windows\System32\GDI32.dll
0x00007ffbad180000 - 0x00007ffbad2ab000 	C:\Windows\System32\gdi32full.dll
0x00007ffbac600000 - 0x00007ffbac6a3000 	C:\Windows\System32\msvcp_win.dll
0x00007ffbae840000 - 0x00007ffbae871000 	C:\Windows\System32\IMM32.DLL
0x00007ffba6ce0000 - 0x00007ffba6cec000 	C:\Program Files\JetBrains\PyCharm 2026.1.2\jbr\bin\vcruntime140_1.dll
0x00007ffb0e400000 - 0x00007ffb0e489000 	C:\Program Files\JetBrains\PyCharm 2026.1.2\jbr\bin\msvcp140.dll
0x00007ffb0ef00000 - 0x00007ffb0fe52000 	C:\Program Files\JetBrains\PyCharm 2026.1.2\jbr\bin\server\jvm.dll
0x00007ffbadf30000 - 0x00007ffbadfeb000 	C:\Windows\System32\ADVAPI32.dll
0x00007ffbadba0000 - 0x00007ffbadc47000 	C:\Windows\System32\sechost.dll
0x00007ffbae8d0000 - 0x00007ffbae9e8000 	C:\Windows\System32\RPCRT4.dll
0x00007ffbad970000 - 0x00007ffbad9e4000 	C:\Windows\System32\WS2_32.dll
0x00007ffbabe80000 - 0x00007ffbabede000 	C:\Windows\SYSTEM32\POWRPROF.dll
0x00007ffb969d0000 - 0x00007ffb96a05000 	C:\Windows\SYSTEM32\WINMM.dll
0x00007ffba0180000 - 0x00007ffba018b000 	C:\Windows\SYSTEM32\VERSION.dll
0x00007ffbabe60000 - 0x00007ffbabe74000 	C:\Windows\SYSTEM32\UMPDC.dll
0x00007ffbaad70000 - 0x00007ffbaad8b000 	C:\Windows\SYSTEM32\kernel.appcore.dll
0x00007ffba43f0000 - 0x00007ffba43fa000 	C:\Program Files\JetBrains\PyCharm 2026.1.2\jbr\bin\jimage.dll
0x00007ffbaa0c0000 - 0x00007ffbaa302000 	C:\Windows\SYSTEM32\DBGHELP.DLL
0x00007ffbae4b0000 - 0x00007ffbae832000 	C:\Windows\System32\combase.dll
0x00007ffbad9f0000 - 0x00007ffbadac7000 	C:\Windows\System32\OLEAUT32.dll
0x00007ffb92a00000 - 0x00007ffb92a3b000 	C:\Windows\SYSTEM32\dbgcore.DLL
0x00007ffbad430000 - 0x00007ffbad4d5000 	C:\Windows\System32\bcryptPrimitives.dll
0x00007ffb54520000 - 0x00007ffb5453f000 	C:\Program Files\JetBrains\PyCharm 2026.1.2\jbr\bin\java.dll
0x00007ffbaea60000 - 0x00007ffbaebf5000 	C:\Windows\System32\ole32.dll
0x00007ffbaec00000 - 0x00007ffbaf35f000 	C:\Windows\System32\SHELL32.dll
0x00007ffbac6b0000 - 0x00007ffbac81a000 	C:\Windows\System32\wintypes.dll
0x00007ffbac850000 - 0x00007ffbad0b4000 	C:\Windows\System32\windows.storage.dll
0x00007ffbaf420000 - 0x00007ffbaf517000 	C:\Windows\System32\SHCORE.dll
0x00007ffbae9f0000 - 0x00007ffbaea57000 	C:\Windows\System32\shlwapi.dll
0x00007ffbabf40000 - 0x00007ffbabf69000 	C:\Windows\SYSTEM32\profapi.dll
0x00007ffb49f60000 - 0x00007ffb49f72000 	C:\Program Files\JetBrains\PyCharm 2026.1.2\jbr\bin\net.dll
0x00007ffbab2c0000 - 0x00007ffbab32b000 	C:\Windows\system32\mswsock.dll
0x00007ffb41fc0000 - 0x00007ffb41fd6000 	C:\Program Files\JetBrains\PyCharm 2026.1.2\jbr\bin\nio.dll
0x00007ffb4c0d0000 - 0x00007ffb4c0e7000 	C:\Program Files\JetBrains\PyCharm 2026.1.2\jbr\bin\zip.dll
0x00007ffbab6c0000 - 0x00007ffbab6db000 	C:\Windows\SYSTEM32\CRYPTSP.dll
0x00007ffbaacd0000 - 0x00007ffbaad09000 	C:\Windows\system32\rsaenh.dll
0x00007ffbab370000 - 0x00007ffbab3a2000 	C:\Windows\SYSTEM32\USERENV.dll
0x00007ffbabf10000 - 0x00007ffbabf3a000 	C:\Windows\SYSTEM32\bcrypt.dll
0x00007ffbab520000 - 0x00007ffbab52c000 	C:\Windows\SYSTEM32\CRYPTBASE.dll
0x00007ffbaa680000 - 0x00007ffbaa6b3000 	C:\Windows\SYSTEM32\IPHLPAPI.DLL
0x00007ffbaf6f0000 - 0x00007ffbaf6fa000 	C:\Windows\System32\NSI.dll
0x00007ffb72960000 - 0x00007ffb7296e000 	C:\Program Files\JetBrains\PyCharm 2026.1.2\jbr\bin\sunmscapi.dll
0x00007ffbad2b0000 - 0x00007ffbad427000 	C:\Windows\System32\CRYPT32.dll
0x00007ffbab820000 - 0x00007ffbab850000 	C:\Windows\SYSTEM32\ncrypt.dll
0x00007ffbab7d0000 - 0x00007ffbab80f000 	C:\Windows\SYSTEM32\NTASN1.dll
0x00007ffb72830000 - 0x00007ffb72838000 	C:\Windows\system32\wshunix.dll
0x00007ffb6f670000 - 0x00007ffb6f679000 	C:\Program Files\JetBrains\PyCharm 2026.1.2\jbr\bin\extnet.dll

JVMTI agents: none

dbghelp: loaded successfully - version: 4.0.5 - missing functions: none
symbol engine: initialized successfully - sym options: 0x614 - pdb path: .;C:\Program Files\JetBrains\PyCharm 2026.1.2\jbr\bin;C:\Windows\SYSTEM32;C:\Windows\WinSxS\amd64_microsoft.windows.common-controls_6595b64144ccf1df_6.0.26100.8037_none_3e092faae333b53b;C:\Program Files\JetBrains\PyCharm 2026.1.2\jbr\bin\server

VM Arguments:
java_command: git4idea.http.GitAskPassApp Username for 'https://github.com': 
java_class_path (initial): C:/Program Files/JetBrains/PyCharm 2026.1.2/plugins/vcs-git/lib/git4idea-rt.jar;C:/Program Files/JetBrains/PyCharm 2026.1.2/lib/externalProcess-rt.jar
Launcher Type: SUN_STANDARD

[Global flags]
     intx CICompilerCount                          = 4                                         {product} {ergonomic}
     uint ConcGCThreads                            = 2                                         {product} {ergonomic}
     uint G1ConcRefinementThreads                  = 8                                         {product} {ergonomic}
   size_t G1HeapRegionSize                         = 2097152                                   {product} {ergonomic}
   size_t InitialHeapSize                          = 268435456                                 {product} {ergonomic}
   size_t MarkStackSize                            = 4194304                                   {product} {ergonomic}
   size_t MarkStackSizeMax                         = 536870912                                 {product} {ergonomic}
   size_t MaxHeapSize                              = 4267704320                                {product} {ergonomic}
   size_t MaxNewSize                               = 2560622592                                {product} {ergonomic}
   size_t MinHeapDeltaBytes                        = 2097152                                   {product} {ergonomic}
   size_t MinHeapSize                              = 8388608                                   {product} {ergonomic}
    uintx NonNMethodCodeHeapSize                   = 5832704                                {pd product} {ergonomic}
    uintx NonProfiledCodeHeapSize                  = 122945536                              {pd product} {ergonomic}
    uintx ProfiledCodeHeapSize                     = 122880000                              {pd product} {ergonomic}
    uintx ReservedCodeCacheSize                    = 251658240                              {pd product} {ergonomic}
     bool SegmentedCodeCache                       = true                                      {product} {ergonomic}
   size_t SoftMaxHeapSize                          = 4267704320                             {manageable} {ergonomic}
     bool UseCompressedOops                        = true                           {product lp64_product} {ergonomic}
     bool UseG1GC                                  = true                                      {product} {ergonomic}
     bool UseLargePagesIndividualAllocation        = false                                  {pd product} {ergonomic}

Logging:
Log output configuration:
 #0: stdout all=warning uptime,level,tags foldmultilines=false
 #1: stderr all=off uptime,level,tags foldmultilines=false

Release file:
JAVA_VERSION="25.0.2" 
MODULES="java.base java.datatransfer java.xml java.prefs java.desktop gluegen.rt java.compiler java.instrument java.logging java.management java.security.sasl java.naming java.rmi java.management.rmi java.net.http java.scripting java.security.jgss java.transaction.xa java.sql java.sql.rowset java.xml.crypto java.se java.smartcardio jogl.all jcef jdk.accessibility jdk.internal.jvmstat jdk.attach jdk.charsets jdk.internal.opt jdk.zipfs jdk.compiler jdk.crypto.cryptoki jdk.crypto.ec jdk.crypto.mscapi jdk.dynalink jdk.hotspot.agent jdk.httpserver jdk.internal.ed jdk.internal.le jdk.internal.md jdk.internal.vm.ci jdk.javadoc jdk.jcmd jdk.jdwp.agent jdk.jdi jdk.jfr jdk.localedata jdk.management jdk.management.agent jdk.management.jfr jdk.naming.dns jdk.naming.rmi jdk.net jdk.sctp jdk.security.auth jdk.security.jgss jdk.unsupported jdk.unsupported.desktop jdk.xml.dom" 
IMPLEMENTOR="JetBrains s.r.o." 
IMPLEMENTOR_VERSION="JBR-25.0.2+1-329.117-jcef" 
JAVA_RUNTIME_VERSION="25.0.2+1-b329.117" 
LIBC="default" 
OS_ARCH="x86_64" 
OS_NAME="Windows" 
SOURCE=".:git:b692a8ec6ff7+ jcef_git:git:4a605f44671a" 
JCEF_VERSION="137.0.17.1142+g68de80b" 
JCEF_COMMIT_HASH="68de80bc86de497c8d0632ad0f8fe33625b33bff" 
JCEF_VERSION_DETAILED=137.0.17-gf354b0e-chromium-137.0.7151.104-api-1.21-261-b81

Environment Variables:
JAVA_HOME=C:\Program Files\Eclipse Adoptium\jdk-17.0.18.8-hotspot
PATH=C:/Program Files/Git/mingw64/libexec/git-core;C:/Program Files/Git/mingw64/libexec/git-core;C:\Program Files\Git\mingw64\bin;C:\Program Files\Git\usr\bin;C:\Users\Ali Hassan\bin;C:\Python314\Scripts\;C:\Python314\;C:\Program Files\Eclipse Adoptium\jdk-17.0.18.8-hotspot\bin;C:\Program Files\Common Files\Oracle\Java\javapath;C:\Python313\Scripts\;C:\Python313\;C:\Windows\system32;C:\Windows;C:\Windows\System32\Wbem;C:\Windows\System32\WindowsPowerShell\v1.0\;C:\Windows\System32\OpenSSH\;C:\ProgramData\chocolatey\bin;C:\Program Files\Java\jdk-17;C:\Users\Ali Hassan\AppData\Local\Android\Sdk;C:\Users\Ali Hassan\AppData\Local\Android\Sdk\platform-tools;C:\Users\Ali Hassan\AppData\Local\Android\Sdk\emulator;C:\Users\Ali Hassan\AppData\Local\Android\Sdk\cmdline-tools\latest\bin;C:\Users\Ali Hassan\AppData\Local\Android\Sdk\build-tools;C:\Users\Ali Hassan\AppData\Local\Android\Sdk\build-tools\35.0.0;C:\Users\Ali Hassan\AppData\Local\Android\Sdk\build-tools\36.0.0;C:\Program Files\Git\cmd;C:\composer;C:\Program Files\Docker\Docker\resources\bin;C:\Users\Ali Hassan\AppData\Local\Microsoft\WindowsApps;C:\Users\Ali Hassan\AppData\Local\Programs\Microsoft VS Code\bin;C:\Users\Ali Hassan\AppData\Roaming\npm;C:\intelFPGA\18.1\modelsim_ase\win32aloem;C:\php;C:\Users\Ali Hassan\AppData\Roaming\Composer\vendor\bin;C:\Users\Ali Hassan\AppData\Roaming\Composer\vendor\bin;C:\Program Files\OpenLogic\jdk-25.0.2.10-hotspot\bin;C:\Program Files\nodejs\;C:\Program Files (x86)\Microsoft SQL Server\170\Tools\Binn\;C:\Program Files\Microsoft SQL Server\170\Tools\Binn\;C:\Program Files\Microsoft SQL Server\Client SDK\ODBC\180\Tools\Binn\;C:\Program Files\Microsoft SQL Server\170\DTS\Binn\;C:\Program Files\dotnet\;C:\Users\Ali Hassan\AppData\Local\Programs\Python\Python312\Scripts\;C:\Users\Ali Hassan\AppData\Local\Programs\Python\Python312\;C:\Users\Ali Hassan\AppData\Local\Microsoft\WindowsApps;C:\Users\Ali Hassan\AppData\Local\Programs\Microsoft VS Code\bin;C:\Users\Ali Hassan\AppData\Local\Android\Sdk;C:\Users\Ali Hassan\AppData\Local\Android\Sdk\platform-tools;C:\Users\Ali Hassan\AppData\Local\Android\Sdk\emulator;C:\Users\Ali Hassan\AppData\Local\Android\Sdk\cmdline-tools\latest\bin;C:\Users\Ali Hassan\AppData\Local\Android\Sdk\build-tools;C:\Users\Ali Hassan\AppData\Local\Android\Sdk\build-tools\35.0.0;C:\Users\Ali Hassan\AppData\Local\Android\Sdk\build-tools\36.0.0;C:\intelFPGA\18.1\modelsim_ase\win32aloem;C:\Program Files\Java\jdk-17;C:\php;C:\Users\Ali Hassan\AppData\Roaming\Composer\vendor\bin;C:\Users\Ali Hassan\AppData\Roaming\Composer\vendor\bin;C:\Program Files\Eclipse Adoptium\jdk-17.0.18.8-hotspot\bin;C:\Users\Ali Hassan\AppData\Roaming\npm;C:\Users\Ali Hassan\.dotnet\tools
USERNAME=Ali Hassan
DISPLAY=:0.0
LC_ALL=en_US.UTF-8
TERM=xterm-256color
TMPDIR=C:\Users\ALIHAS~1\AppData\Local\Temp
OS=Windows_NT
PROCESSOR_IDENTIFIER=Intel64 Family 6 Model 142 Stepping 10, GenuineIntel
TMP=C:\Users\ALIHAS~1\AppData\Local\Temp
TEMP=C:\Users\ALIHAS~1\AppData\Local\Temp




Compilation memory statistics disabled.

Periodic native trim disabled

JNI global refs:
JNI global refs: 19, weak refs: 0

JNI global refs memory usage: 835, weak refs: 833

Process memory usage:
Resident Set Size: 95692K (0% of 16664932K total physical memory with 909008K free physical memory)

OOME stack traces (most recent first):
Classloader memory used:
Loader bootstrap                                                                       : 1730 K
Loader jdk.internal.loader.ClassLoaders$PlatformClassLoader                            : 1706 K
Loader jdk.internal.loader.ClassLoaders$AppClassLoader                                 : 30960 B

---------------  S Y S T E M  ---------------

OS:
 Windows 11 , 64 bit Build 26100 (10.0.26100.7920)
OS uptime: 23 days 19:12 hours
Hyper-V role detected

CPU: total 8 (initial active 8) (4 cores per cpu, 2 threads per core) family 6 model 142 stepping 10 microcode 0xf4, cx8, cmov, fxsr, ht, mmx, 3dnowpref, sse, sse2, sse3, ssse3, sse4.1, sse4.2, popcnt, lzcnt, tsc, tscinvbit, avx, avx2, aes, erms, clmul, bmi1, bmi2, adx, fma, vzeroupper, clflush, clflushopt, hv, rdtscp, f16c
Processor Information for processor 0
  Max Mhz: 1800, Current Mhz: 1500, Mhz Limit: 1584
Processor Information for processor 1
  Max Mhz: 1800, Current Mhz: 1500, Mhz Limit: 1584
Processor Information for processor 2
  Max Mhz: 1800, Current Mhz: 1600, Mhz Limit: 1584
Processor Information for processor 3
  Max Mhz: 1800, Current Mhz: 1500, Mhz Limit: 1584
Processor Information for processor 4
  Max Mhz: 1800, Current Mhz: 1600, Mhz Limit: 1584
Processor Information for processor 5
  Max Mhz: 1800, Current Mhz: 1600, Mhz Limit: 1584
Processor Information for processor 6
  Max Mhz: 1800, Current Mhz: 1600, Mhz Limit: 1584
Processor Information for processor 7
  Max Mhz: 1800, Current Mhz: 1500, Mhz Limit: 1584

Memory: 4k page, system-wide physical 16274M (878M free)
TotalPageFile size 28568M (AvailPageFile size 17M)
current process WorkingSet (physical memory assigned to process): 93M, peak: 96M
current process commit charge ("private bytes"): 377M, peak: 394M

vm_info: OpenJDK 64-Bit Server VM (25.0.2+1-b329.117) for windows-amd64 JRE (25.0.2+1-b329.117), built on 2026-04-20 with MS VC++ 17.14 (VS2022)

END.
