#
# There is insufficient memory for the Java Runtime Environment to continue.
# Native memory allocation (mmap) failed to map 268435456 bytes. Error detail: G1 virtual space
# Possible reasons:
#   The system is out of physical RAM or swap space
#   This process is running with CompressedOops enabled, and the Java Heap may be blocking the growth of the native heap
# Possible solutions:
#   Reduce memory load on the system
#   Increase physical memory or swap space
#   Check if swap backing store is full
#   Decrease Java heap size (-Xmx/-Xms)
#   Decrease number of Java threads
#   Decrease Java thread stack sizes (-Xss)
#   Set larger code cache with -XX:ReservedCodeCacheSize=
#   JVM is running with Zero Based Compressed Oops mode in which the Java heap is
#     placed in the first 32GB address space. The Java Heap base address is the
#     maximum limit for the native heap growth. Please use -XX:HeapBaseMinAddress
#     to set the Java Heap base and to place the Java Heap above 32GB virtual address.
# This output file may be truncated or incomplete.
#
#  Out of Memory Error (os_windows.cpp:3766), pid=7740, tid=9352
#
# JRE version:  (25.0.3+1) (build )
# Java VM: OpenJDK 64-Bit Server VM (25.0.3+1-b329.124, mixed mode, sharing, tiered, compressed oops, compressed class ptrs, g1 gc, windows-amd64)
# No core dump will be written. Minidumps are not enabled by default on client versions of Windows
#

---------------  S U M M A R Y ------------

Command Line: git4idea.http.GitAskPassApp Username for 'https://github.com': 

Host: Intel(R) Core(TM) i5-8250U CPU @ 1.60GHz, 8 cores, 15G,  Windows 11 , 64 bit Build 26100 (10.0.26100.7920)
Time: Fri Jul 24 12:06:04 2026 Pakistan Standard Time elapsed time: 0.040786 seconds (0d 0h 0m 0s)

---------------  T H R E A D  ---------------

Current thread (0x0000027965a23500):  JavaThread "Unknown thread" [_thread_in_vm, id=9352, stack(0x0000009a1c000000,0x0000009a1c100000) (1024K)]

Stack: [0x0000009a1c000000,0x0000009a1c100000]
Native frames: (J=compiled Java code, j=interpreted, Vv=VM code, C=native code)
V  [jvm.dll+0x7c2709]  (no source info available)
V  [jvm.dll+0x78bdfd]  (no source info available)
V  [jvm.dll+0xa10353]  (no source info available)
V  [jvm.dll+0xa12b4c]  (no source info available)
V  [jvm.dll+0xa13243]  (no source info available)
V  [jvm.dll+0x308006]  (no source info available)
V  [jvm.dll+0x7be915]  (no source info available)
V  [jvm.dll+0x7b18c7]  (no source info available)
V  [jvm.dll+0x40211e]  (no source info available)
V  [jvm.dll+0x409f3b]  (no source info available)
V  [jvm.dll+0x3f6779]  (no source info available)
V  [jvm.dll+0x3f6a2b]  (no source info available)
V  [jvm.dll+0x3cca63]  (no source info available)
V  [jvm.dll+0x3cd6ce]  (no source info available)
V  [jvm.dll+0x9d66c7]  (no source info available)
V  [jvm.dll+0x467862]  (no source info available)
V  [jvm.dll+0x9b9df9]  (no source info available)
V  [jvm.dll+0x509c91]  (no source info available)
V  [jvm.dll+0x50b601]  (no source info available)
C  [jli.dll+0x5422]  (no source info available)
C  [ucrtbase.dll+0x37b0]  (no source info available)
C  [KERNEL32.DLL+0x2e8d7]  (no source info available)
C  [ntdll.dll+0x8c48c]  (no source info available)

Lock stack of current Java thread (top to bottom):


---------------  P R O C E S S  ---------------

Threads class SMR info:
_java_thread_list=0x00007ffb161ac108, length=0, elements={
}

Java Threads: ( => current thread )
Total: 0

Other Threads:
  0x0000027967e1e4c0 WorkerThread "GC Thread#0"                     [id=31644, stack(0x0000009a1c100000,0x0000009a1c200000) (1024K)]
  0x0000027967e3a180 ConcurrentGCThread "G1 Main Marker"            [id=12060, stack(0x0000009a1c200000,0x0000009a1c300000) (1024K)]
  0x0000027967e3ad20 WorkerThread "G1 Conc#0"                       [id=13924, stack(0x0000009a1c300000,0x0000009a1c400000) (1024K)]

[error occurred during error reporting (printing all threads), id 0xc0000005, EXCEPTION_ACCESS_VIOLATION (0xc0000005) at pc=0x00007ffb157c183a]
VM state: not at safepoint (not fully initialized)

VM Mutex/Monitor currently owned by a thread:  ([mutex/lock_event])
[0x00007ffb16235000] Heap_lock - owner thread: 0x0000027965a23500

Heap address: 0x0000000701a00000, size: 4070 MB, Compressed Oops mode: Zero based, Oop shift amount: 3

CDS archive(s) mapped at: [0x0000000000000000-0x0000000000000000-0x0000000000000000), size 0, SharedBaseAddress: 0x0000000800000000, ArchiveRelocationMode: 1.
UseCompressedClassPointers 1, UseCompactObjectHeaders 0
Narrow klass pointer bits 32, Max shift 3
Narrow klass base: 0xffffffffffffffff, Narrow klass shift: -1
Encoding Range: [0xffffffffffffffff - 0x000000007fffffff), (2147483648 bytes)
Klass Range:    [0x0000000000000000 - 0x0000000000000000), (0 bytes)
Klass ID Range:  [4294967295 - 0) (1)
No protection zone.

GC Precious Log:
 CardTable entry size: 512
 Card Set container configuration: InlinePtr #cards 4 size 8 Array Of Cards #cards 16 size 48 Howl #buckets 8 coarsen threshold 3686 Howl Bitmap #cards 512 size 80 coarsen threshold 460 Card regions per heap region 1 cards per card region 4096

Heap:
 garbage-first heap   total reserved 4167680K, committed 0K, used 0K [0x0000000701a00000, 0x0000000800000000)
  region size 2048K, 0 young (0K), 0 survivors (0K)

Heap Regions: E=young(eden), S=young(survivor), O=old, HS=humongous(starts), HC=humongous(continues), CS=collection set, F=free, TAMS=top-at-mark-start, PB=parsable bottom

Card table byte_map: [0x000002797bd00000,0x000002797c500000] _byte_map_base: 0x00000279784f3000

Marking Bits: (CMBitMap*) 0x0000027967e1fc60
 Bits: [0x0000027900000000, 0x0000027903f98000)

GC Heap Usage History (0 events):
No events

Metaspace Usage History (0 events):
No events

Dll operation events (1 events):
Event: 0.029 Loaded shared library C:\Program Files\JetBrains\WebStorm 2026.1.3\jbr\bin\java.dll

Deoptimization events (0 events):
No events

Classes loaded (0 events):
No events

Classes unloaded (0 events):
No events

Classes redefined (0 events):
No events

Internal exceptions (0 events):
No events

VM Operations (0 events):
No events

Memory protections (0 events):
No events

Nmethod flushes (0 events):
No events

Events (0 events):
No events


Dynamic libraries:
0x00007ff7b6540000 - 0x00007ff7b654a000 	C:\Program Files\JetBrains\WebStorm 2026.1.3\jbr\bin\java.exe
0x00007ffbaf740000 - 0x00007ffbaf9a7000 	C:\Windows\SYSTEM32\ntdll.dll
0x00007ffbae330000 - 0x00007ffbae3f9000 	C:\Windows\System32\KERNEL32.DLL
0x00007ffbac0b0000 - 0x00007ffbac4a1000 	C:\Windows\System32\KERNELBASE.dll
0x00007ffbac4b0000 - 0x00007ffbac5fb000 	C:\Windows\System32\ucrtbase.dll
0x00007ffb8d660000 - 0x00007ffb8d67e000 	C:\Program Files\JetBrains\WebStorm 2026.1.3\jbr\bin\VCRUNTIME140.dll
0x00007ffb86f40000 - 0x00007ffb86f57000 	C:\Program Files\JetBrains\WebStorm 2026.1.3\jbr\bin\jli.dll
0x00007ffbaf520000 - 0x00007ffbaf6e5000 	C:\Windows\System32\USER32.dll
0x00007ffb94f20000 - 0x00007ffb951b3000 	C:\Windows\WinSxS\amd64_microsoft.windows.common-controls_6595b64144ccf1df_6.0.26100.8037_none_3e092faae333b53b\COMCTL32.dll
0x00007ffbac820000 - 0x00007ffbac847000 	C:\Windows\System32\win32u.dll
0x00007ffbae400000 - 0x00007ffbae4a9000 	C:\Windows\System32\msvcrt.dll
0x00007ffbadde0000 - 0x00007ffbade0b000 	C:\Windows\System32\GDI32.dll
0x00007ffbad180000 - 0x00007ffbad2ab000 	C:\Windows\System32\gdi32full.dll
0x00007ffbac600000 - 0x00007ffbac6a3000 	C:\Windows\System32\msvcp_win.dll
0x00007ffbae840000 - 0x00007ffbae871000 	C:\Windows\System32\IMM32.DLL
0x00007ffba2560000 - 0x00007ffba256c000 	C:\Program Files\JetBrains\WebStorm 2026.1.3\jbr\bin\vcruntime140_1.dll
0x00007ffb8d4b0000 - 0x00007ffb8d539000 	C:\Program Files\JetBrains\WebStorm 2026.1.3\jbr\bin\msvcp140.dll
0x00007ffb153e0000 - 0x00007ffb16335000 	C:\Program Files\JetBrains\WebStorm 2026.1.3\jbr\bin\server\jvm.dll
0x00007ffbadf30000 - 0x00007ffbadfeb000 	C:\Windows\System32\ADVAPI32.dll
0x00007ffbadba0000 - 0x00007ffbadc47000 	C:\Windows\System32\sechost.dll
0x00007ffbae8d0000 - 0x00007ffbae9e8000 	C:\Windows\System32\RPCRT4.dll
0x00007ffbad970000 - 0x00007ffbad9e4000 	C:\Windows\System32\WS2_32.dll
0x00007ffbabe80000 - 0x00007ffbabede000 	C:\Windows\SYSTEM32\POWRPROF.dll
0x00007ffb969d0000 - 0x00007ffb96a05000 	C:\Windows\SYSTEM32\WINMM.dll
0x00007ffba0180000 - 0x00007ffba018b000 	C:\Windows\SYSTEM32\VERSION.dll
0x00007ffbabe60000 - 0x00007ffbabe74000 	C:\Windows\SYSTEM32\UMPDC.dll
0x00007ffbaad70000 - 0x00007ffbaad8b000 	C:\Windows\SYSTEM32\kernel.appcore.dll
0x00007ffba20b0000 - 0x00007ffba20ba000 	C:\Program Files\JetBrains\WebStorm 2026.1.3\jbr\bin\jimage.dll
0x00007ffbaa0c0000 - 0x00007ffbaa302000 	C:\Windows\SYSTEM32\DBGHELP.DLL
0x00007ffbae4b0000 - 0x00007ffbae832000 	C:\Windows\System32\combase.dll
0x00007ffbad9f0000 - 0x00007ffbadac7000 	C:\Windows\System32\OLEAUT32.dll
0x00007ffb92a00000 - 0x00007ffb92a3b000 	C:\Windows\SYSTEM32\dbgcore.DLL
0x00007ffbad430000 - 0x00007ffbad4d5000 	C:\Windows\System32\bcryptPrimitives.dll
0x00007ffb8d640000 - 0x00007ffb8d65f000 	C:\Program Files\JetBrains\WebStorm 2026.1.3\jbr\bin\java.dll
0x00007ffbaea60000 - 0x00007ffbaebf5000 	C:\Windows\System32\ole32.dll
0x00007ffbaec00000 - 0x00007ffbaf35f000 	C:\Windows\System32\SHELL32.dll
0x00007ffbac6b0000 - 0x00007ffbac81a000 	C:\Windows\System32\wintypes.dll

JVMTI agents: none

dbghelp: loaded successfully - version: 4.0.5 - missing functions: none
symbol engine: initialized successfully - sym options: 0x614 - pdb path: .;C:\Program Files\JetBrains\WebStorm 2026.1.3\jbr\bin;C:\Windows\SYSTEM32;C:\Windows\WinSxS\amd64_microsoft.windows.common-controls_6595b64144ccf1df_6.0.26100.8037_none_3e092faae333b53b;C:\Program Files\JetBrains\WebStorm 2026.1.3\jbr\bin\server

VM Arguments:
java_command: git4idea.http.GitAskPassApp Username for 'https://github.com': 
java_class_path (initial): C:/Program Files/JetBrains/WebStorm 2026.1.3/plugins/vcs-git/lib/git4idea-rt.jar;C:/Program Files/JetBrains/WebStorm 2026.1.3/lib/externalProcess-rt.jar
Launcher Type: SUN_STANDARD

[Global flags]
     intx CICompilerCount                          = 4                                         {product} {ergonomic}
     uint ConcGCThreads                            = 2                                         {product} {ergonomic}
     uint G1ConcRefinementThreads                  = 8                                         {product} {ergonomic}
   size_t G1HeapRegionSize                         = 2097152                                   {product} {ergonomic}
   size_t InitialHeapSize                          = 268435456                                 {product} {ergonomic}
   size_t MarkStackSize                            = 4194304                                   {product} {ergonomic}
   size_t MarkStackSizeMax                         = 536870912                                 {product} {ergonomic}
   size_t MaxHeapSize                              = 4267704320                                {product} {ergonomic}
   size_t MinHeapDeltaBytes                        = 2097152                                   {product} {ergonomic}
   size_t MinHeapSize                              = 8388608                                   {product} {ergonomic}
    uintx NonNMethodCodeHeapSize                   = 5898240                                {pd product} {ergonomic}
    uintx NonProfiledCodeHeapSize                  = 122945536                              {pd product} {ergonomic}
    uintx ProfiledCodeHeapSize                     = 122945536                              {pd product} {ergonomic}
    uintx ReservedCodeCacheSize                    = 251789312                              {pd product} {ergonomic}
     bool SegmentedCodeCache                       = true                                      {product} {ergonomic}
   size_t SoftMaxHeapSize                          = 4267704320                             {manageable} {ergonomic}
     bool UseCompressedOops                        = true                           {product lp64_product} {ergonomic}
     bool UseG1GC                                  = true                                      {product} {ergonomic}
     bool UseLargePagesIndividualAllocation        = false                                  {pd product} {ergonomic}

Logging:
Log output configuration:
 #0: stdout all=warning uptime,level,tags foldmultilines=false
 #1: stderr all=off uptime,level,tags foldmultilines=false

Release file:
<release file has not been read>
Environment Variables:
JAVA_HOME=C:\Program Files\Eclipse Adoptium\jdk-17.0.18.8-hotspot
PATH=C:/Program Files/Git/mingw64/libexec/git-core;C:/Program Files/Git/mingw64/libexec/git-core;C:\Program Files\Git\mingw64\bin;C:\Program Files\Git\usr\bin;C:\Users\Ali Hassan\bin;C:\Python314\Scripts\;C:\Python314\;C:\Program Files\Eclipse Adoptium\jdk-17.0.18.8-hotspot\bin;C:\Program Files\Common Files\Oracle\Java\javapath;C:\Python313\Scripts\;C:\Python313\;C:\Windows\system32;C:\Windows;C:\Windows\System32\Wbem;C:\Windows\System32\WindowsPowerShell\v1.0\;C:\Windows\System32\OpenSSH\;C:\ProgramData\chocolatey\bin;C:\Program Files\Java\jdk-17;C:\Users\Ali Hassan\AppData\Local\Android\Sdk;C:\Users\Ali Hassan\AppData\Local\Android\Sdk\platform-tools;C:\Users\Ali Hassan\AppData\Local\Android\Sdk\emulator;C:\Users\Ali Hassan\AppData\Local\Android\Sdk\cmdline-tools\latest\bin;C:\Users\Ali Hassan\AppData\Local\Android\Sdk\build-tools;C:\Users\Ali Hassan\AppData\Local\Android\Sdk\build-tools\35.0.0;C:\Users\Ali Hassan\AppData\Local\Android\Sdk\build-tools\36.0.0;C:\Program Files\Git\cmd;C:\composer;C:\Program Files\Docker\Docker\resources\bin;C:\Users\Ali Hassan\AppData\Local\Microsoft\WindowsApps;C:\Users\Ali Hassan\AppData\Local\Programs\Microsoft VS Code\bin;C:\Users\Ali Hassan\AppData\Roaming\npm;C:\intelFPGA\18.1\modelsim_ase\win32aloem;C:\php;C:\Users\Ali Hassan\AppData\Roaming\Composer\vendor\bin;C:\Users\Ali Hassan\AppData\Roaming\Composer\vendor\bin;C:\Program Files\OpenLogic\jdk-25.0.2.10-hotspot\bin;C:\Program Files\nodejs\;C:\Program Files (x86)\Microsoft SQL Server\170\Tools\Binn\;C:\Program Files\Microsoft SQL Server\170\Tools\Binn\;C:\Program Files\Microsoft SQL Server\Client SDK\ODBC\180\Tools\Binn\;C:\Program Files\Microsoft SQL Server\170\DTS\Binn\;C:\Program Files\dotnet\;C:\Users\Ali Hassan\AppData\Local\Programs\Python\Python312\Scripts\;C:\Users\Ali Hassan\AppData\Local\Programs\Python\Python312\;C:\Users\Ali Hassan\AppData\Local\Microsoft\WindowsApps;C:\Users\Ali Hassan\AppData\Local\Programs\Microsoft VS Code\bin;C:\Users\Ali Hassan\AppData\Local\Android\Sdk;C:\Users\Ali Hassan\AppData\Local\Android\Sdk\platform-tools;C:\Users\Ali Hassan\AppData\Local\Android\Sdk\emulator;C:\Users\Ali Hassan\AppData\Local\Android\Sdk\cmdline-tools\latest\bin;C:\Users\Ali Hassan\AppData\Local\Android\Sdk\build-tools;C:\Users\Ali Hassan\AppData\Local\Android\Sdk\build-tools\35.0.0;C:\Users\Ali Hassan\AppData\Local\Android\Sdk\build-tools\36.0.0;C:\intelFPGA\18.1\modelsim_ase\win32aloem;C:\Program Files\Java\jdk-17;C:\php;C:\Users\Ali Hassan\AppData\Roaming\Composer\vendor\bin;C:\Users\Ali Hassan\AppData\Roaming\Composer\vendor\bin;C:\Program Files\Eclipse Adoptium\jdk-17.0.18.8-hotspot\bin;C:\Users\Ali Hassan\AppData\Roaming\npm;C:\Users\Ali Hassan\.dotnet\tools
USERNAME=Ali Hassan
DISPLAY=:0.0
LC_ALL=en_US.UTF-8
TERM=xterm-256color
TMPDIR=C:\Users\ALIHAS~1\AppData\Local\Temp
OS=Windows_NT
PROCESSOR_IDENTIFIER=Intel64 Family 6 Model 142 Stepping 10, GenuineIntel
TMP=C:\Users\ALIHAS~1\AppData\Local\Temp
TEMP=C:\Users\ALIHAS~1\AppData\Local\Temp




Compilation memory statistics disabled.

Periodic native trim disabled

JNI global refs:
JNI global refs: 0, weak refs: 0

JNI global refs memory usage: 0, weak refs: 0

Process memory usage:
Resident Set Size: 14072K (0% of 16664932K total physical memory with 1841028K free physical memory)

OOME stack traces (most recent first):
Classloader memory used:

---------------  S Y S T E M  ---------------

OS:
 Windows 11 , 64 bit Build 26100 (10.0.26100.7920)
OS uptime: 18 days 14:51 hours
Hyper-V role detected

CPU: total 8 (initial active 8) (4 cores per cpu, 2 threads per core) family 6 model 142 stepping 10 microcode 0xf4, cx8, cmov, fxsr, ht, mmx, 3dnowpref, sse, sse2, sse3, ssse3, sse4.1, sse4.2, popcnt, lzcnt, tsc, tscinvbit, avx, avx2, aes, erms, clmul, bmi1, bmi2, adx, fma, vzeroupper, clflush, clflushopt, hv, rdtscp, f16c
Processor Information for processor 0
  Max Mhz: 1800, Current Mhz: 1600, Mhz Limit: 1584
Processor Information for processor 1
  Max Mhz: 1800, Current Mhz: 1600, Mhz Limit: 1584
Processor Information for processor 2
  Max Mhz: 1800, Current Mhz: 1500, Mhz Limit: 1584
Processor Information for processor 3
  Max Mhz: 1800, Current Mhz: 1600, Mhz Limit: 1584
Processor Information for processor 4
  Max Mhz: 1800, Current Mhz: 1500, Mhz Limit: 1584
Processor Information for processor 5
  Max Mhz: 1800, Current Mhz: 1500, Mhz Limit: 1584
Processor Information for processor 6
  Max Mhz: 1800, Current Mhz: 1500, Mhz Limit: 1584
Processor Information for processor 7
  Max Mhz: 1800, Current Mhz: 1500, Mhz Limit: 1584

Memory: 4k page, system-wide physical 16274M (1797M free)
TotalPageFile size 33603M (AvailPageFile size 252M)
current process WorkingSet (physical memory assigned to process): 13M, peak: 13M
current process commit charge ("private bytes"): 61M, peak: 316M

vm_info: OpenJDK 64-Bit Server VM (25.0.3+1-b329.124) for windows-amd64 JRE (25.0.3+1-b329.124), built on 2026-04-30 with MS VC++ 17.14 (VS2022)

END.
